Component: ARM Compiler 5.06 update 6 (build 750) Tool: armlink [4d35ed]

==============================================================================

Section Cross References

    startup_stm32f4xx.o(STACK) refers (Special) to heapauxi.o(.text) for __use_two_region_memory
    startup_stm32f4xx.o(HEAP) refers (Special) to heapauxi.o(.text) for __use_two_region_memory
    startup_stm32f4xx.o(RESET) refers (Special) to heapauxi.o(.text) for __use_two_region_memory
    startup_stm32f4xx.o(RESET) refers to startup_stm32f4xx.o(STACK) for __initial_sp
    startup_stm32f4xx.o(RESET) refers to startup_stm32f4xx.o(.text) for Reset_Handler
    startup_stm32f4xx.o(RESET) refers to stm32f4xx_it.o(i.NMI_Handler) for NMI_Handler
    startup_stm32f4xx.o(RESET) refers to stm32f4xx_it.o(i.HardFault_Handler) for HardFault_Handler
    startup_stm32f4xx.o(RESET) refers to stm32f4xx_it.o(i.MemManage_Handler) for MemManage_Handler
    startup_stm32f4xx.o(RESET) refers to stm32f4xx_it.o(i.BusFault_Handler) for BusFault_Handler
    startup_stm32f4xx.o(RESET) refers to stm32f4xx_it.o(i.UsageFault_Handler) for UsageFault_Handler
    startup_stm32f4xx.o(RESET) refers to port.o(.emb_text) for SVC_Handler
    startup_stm32f4xx.o(RESET) refers to stm32f4xx_it.o(i.DebugMon_Handler) for DebugMon_Handler
    startup_stm32f4xx.o(RESET) refers to port.o(i.SysTick_Handler) for SysTick_Handler
    startup_stm32f4xx.o(RESET) refers to button.o(i.EXTI0_IRQHandler) for EXTI0_IRQHandler
    startup_stm32f4xx.o(RESET) refers to button.o(i.TIM5_IRQHandler) for TIM5_IRQHandler
    startup_stm32f4xx.o(.text) refers (Special) to heapauxi.o(.text) for __use_two_region_memory
    startup_stm32f4xx.o(.text) refers to system_stm32f4xx.o(i.SystemInit) for SystemInit
    startup_stm32f4xx.o(.text) refers to __main.o(!!!main) for __main
    startup_stm32f4xx.o(.text) refers to startup_stm32f4xx.o(HEAP) for Heap_Mem
    startup_stm32f4xx.o(.text) refers to startup_stm32f4xx.o(STACK) for Stack_Mem
    system_stm32f4xx.o(i.SystemCoreClockUpdate) refers to system_stm32f4xx.o(.data) for SystemCoreClock
    system_stm32f4xx.o(i.SystemInit) refers to system_stm32f4xx.o(i.SetSysClock) for SetSysClock
    discoveryf4utils.o(i.STM_EVAL_COMInit) refers to stm32f4xx_rcc.o(i.RCC_AHB1PeriphClockCmd) for RCC_AHB1PeriphClockCmd
    discoveryf4utils.o(i.STM_EVAL_COMInit) refers to stm32f4xx_rcc.o(i.RCC_APB1PeriphClockCmd) for RCC_APB1PeriphClockCmd
    discoveryf4utils.o(i.STM_EVAL_COMInit) refers to stm32f4xx_gpio.o(i.GPIO_PinAFConfig) for GPIO_PinAFConfig
    discoveryf4utils.o(i.STM_EVAL_COMInit) refers to stm32f4xx_gpio.o(i.GPIO_Init) for GPIO_Init
    discoveryf4utils.o(i.STM_EVAL_COMInit) refers to stm32f4xx_usart.o(i.USART_Init) for USART_Init
    discoveryf4utils.o(i.STM_EVAL_COMInit) refers to stm32f4xx_usart.o(i.USART_Cmd) for USART_Cmd
    discoveryf4utils.o(i.STM_EVAL_COMInit) refers to discoveryf4utils.o(.constdata) for COM_TX_PORT_CLK
    discoveryf4utils.o(i.STM_EVAL_COMInit) refers to discoveryf4utils.o(.data) for COM_TX_PORT
    discoveryf4utils.o(i.STM_EVAL_LEDInit) refers to stm32f4xx_rcc.o(i.RCC_AHB1PeriphClockCmd) for RCC_AHB1PeriphClockCmd
    discoveryf4utils.o(i.STM_EVAL_LEDInit) refers to stm32f4xx_gpio.o(i.GPIO_Init) for GPIO_Init
    discoveryf4utils.o(i.STM_EVAL_LEDInit) refers to discoveryf4utils.o(.constdata) for GPIO_CLK
    discoveryf4utils.o(i.STM_EVAL_LEDInit) refers to discoveryf4utils.o(.data) for GPIO_PORT
    discoveryf4utils.o(i.STM_EVAL_LEDOff) refers to discoveryf4utils.o(.constdata) for GPIO_PIN
    discoveryf4utils.o(i.STM_EVAL_LEDOff) refers to discoveryf4utils.o(.data) for GPIO_PORT
    discoveryf4utils.o(i.STM_EVAL_LEDOn) refers to discoveryf4utils.o(.constdata) for GPIO_PIN
    discoveryf4utils.o(i.STM_EVAL_LEDOn) refers to discoveryf4utils.o(.data) for GPIO_PORT
    discoveryf4utils.o(i.STM_EVAL_LEDToggle) refers to discoveryf4utils.o(.data) for GPIO_PORT
    discoveryf4utils.o(i.STM_EVAL_LEDToggle) refers to discoveryf4utils.o(.constdata) for GPIO_PIN
    discoveryf4utils.o(i.STM_EVAL_PBGetState) refers to stm32f4xx_gpio.o(i.GPIO_ReadInputDataBit) for GPIO_ReadInputDataBit
    discoveryf4utils.o(i.STM_EVAL_PBGetState) refers to discoveryf4utils.o(.constdata) for BUTTON_PIN
    discoveryf4utils.o(i.STM_EVAL_PBGetState) refers to discoveryf4utils.o(.data) for BUTTON_PORT
    discoveryf4utils.o(i.STM_EVAL_PBInit) refers to stm32f4xx_rcc.o(i.RCC_AHB1PeriphClockCmd) for RCC_AHB1PeriphClockCmd
    discoveryf4utils.o(i.STM_EVAL_PBInit) refers to stm32f4xx_rcc.o(i.RCC_APB2PeriphClockCmd) for RCC_APB2PeriphClockCmd
    discoveryf4utils.o(i.STM_EVAL_PBInit) refers to stm32f4xx_gpio.o(i.GPIO_Init) for GPIO_Init
    discoveryf4utils.o(i.STM_EVAL_PBInit) refers to stm32f4xx_syscfg.o(i.SYSCFG_EXTILineConfig) for SYSCFG_EXTILineConfig
    discoveryf4utils.o(i.STM_EVAL_PBInit) refers to stm32f4xx_exti.o(i.EXTI_Init) for EXTI_Init
[...]
    .bss                                     0x100003a0   Section       40  timers.o(.bss)
    xActiveTimerList1                        0x100003a0   Data          20  timers.o(.bss)
    xActiveTimerList2                        0x100003b4   Data          20  timers.o(.bss)
    .bss                                     0x100003c8   Section       96  libspace.o(.bss)
    HEAP                                     0x10000428   Section      512  startup_stm32f4xx.o(HEAP)
    Heap_Mem                                 0x10000428   Data         512  startup_stm32f4xx.o(HEAP)
    STACK                                    0x10000628   Section     1024  startup_stm32f4xx.o(STACK)
    Stack_Mem                                0x10000628   Data        1024  startup_stm32f4xx.o(STACK)
    __initial_sp                             0x10000a28   Data           0  startup_stm32f4xx.o(STACK)
    .bss                                     0x20000000   Section    76800  heap_2.o(.bss)
    ucHeap                                   0x20000000   Data       76800  heap_2.o(.bss)

    Global Symbols

    Symbol Name                              Value     Ov Type        Size  Object(Section)

    BuildAttributes$$THM_ISAv4$E$P$D$K$B$S$7EM$VFPi3$EXTD16$VFPS$VFMA$PE$A:L22UL41UL21$X:L11$S22US41US21$IEEE1$IW$USESV6$~STKCKD$USESV7$~SHL$OTIME$ROPI$EBA8$UX$STANDARDLIB$REQ8$PRES8$EABIv2 0x00000000   Number         0  anon$$obj.o ABSOLUTE
    __ARM_use_no_argv                        0x00000000   Number         0  main.o ABSOLUTE
    _printf_flags                            0x00000000   Number         0  printf_stubs.o ABSOLUTE
    _printf_return_value                     0x00000000   Number         0  printf_stubs.o ABSOLUTE
    _printf_sizespec                         0x00000000   Number         0  printf_stubs.o ABSOLUTE
    _printf_widthprec                        0x00000000   Number         0  printf_stubs.o ABSOLUTE
    __ARM_exceptions_init                     - Undefined Weak Reference
    __alloca_initialize                       - Undefined Weak Reference
    __arm_preinit_                            - Undefined Weak Reference
    __cpp_initialize__aeabi_                  - Undefined Weak Reference
    __cxa_finalize                            - Undefined Weak Reference
    __rt_locale                               - Undefined Weak Reference
    __sigvec_lookup                           - Undefined Weak Reference
    __user_heap_extent                        - Undefined Weak Reference
    _atexit_init                              - Undefined Weak Reference
    _call_atexit_fns                          - Undefined Weak Reference
    _clock_init                               - Undefined Weak Reference
    _fp_trap_init                             - Undefined Weak Reference
    _fp_trap_shutdown                         - Undefined Weak Reference
    _get_lc_collate                           - Undefined Weak Reference
    _get_lc_ctype                             - Undefined Weak Reference
    _get_lc_monetary                          - Undefined Weak Reference
    _get_lc_numeric                           - Undefined Weak Reference
    _get_lc_time                              - Undefined Weak Reference
    _getenv_init                              - Undefined Weak Reference
    _handle_redirection                       - Undefined Weak Reference
    _initio                                   - Undefined Weak Reference
    _mutex_acquire                            - Undefined Weak Reference
    _mutex_free                               - Undefined Weak Reference
    _mutex_release                            - Undefined Weak Reference
    _printf_mbtowc                            - Undefined Weak Reference
    _printf_truncate_signed                   - Undefined Weak Reference
    _printf_truncate_unsigned                 - Undefined Weak Reference
    _rand_init                                - Undefined Weak Reference
    _signal_finish                            - Undefined Weak Reference
    _signal_init                              - Undefined Weak Reference
    _terminateio                              - Undefined Weak Reference
    __Vectors_Size                           0x00000188   Number         0  startup_stm32f4xx.o ABSOLUTE
    __Vectors                                0x08000000   Data           4  startup_stm32f4xx.o(RESET)
    __Vectors_End                            0x08000188   Data           0  startup_stm32f4xx.o(RESET)
    __main                                   0x08000189   Thumb Code     8  __main.o(!!!main)
    __scatterload                            0x08000191   Thumb Code     0  __scatter.o(!!!scatter)
    __scatterload_rt2                        0x08000191   Thumb Code    44  __scatter.o(!!!scatter)
    __scatterload_rt2_thumb_only             0x08000191   Thumb Code     0  __scatter.o(!!!scatter)
    __scatterload_null                       0x0800019f   Thumb Code     0  __scatter.o(!!!scatter)
    __decompress                             0x080001c5   Thumb Code    90  __dczerorl2.o(!!dczerorl2)
    __decompress1                            0x080001c5   Thumb Code     0  __dczerorl2.o(!!dczerorl2)
    __scatterload_zeroinit                   0x08000221   Thumb Code    28  __scatter_zi.o(!!handler_zi)
    _printf_d                                0x0800023d   Thumb Code     0  _printf_d.o(.ARM.Collect$$_printf_percent$$00000009)
    _printf_percent                          0x0800023d   Thumb Code     0  _printf_percent.o(.ARM.Collect$$_printf_percent$$00000000)
    _printf_s                                0x08000243   Thumb Code     0  _printf_s.o(.ARM.Collect$$_printf_percent$$00000014)
    _printf_percent_end                      0x08000249   Thumb Code     0  _printf_percent_end.o(.ARM.Collect$$_printf_percent$$00000017)
    __rt_lib_init                            0x0800024d   Thumb Code     0  libinit.o(.ARM.Collect$$libinit$$00000000)
    __rt_lib_init_fp_1                       0x0800024f   Thumb Code     0  libinit2.o(.ARM.Collect$$libinit$$00000001)
    __rt_lib_init_heap_2                     0x08000253   Thumb Code     0  libinit2.o(.ARM.Collect$$libinit$$00000005)
    __rt_lib_init_preinit_1                  0x08000253   Thumb Code     0  libinit2.o(.ARM.Collect$$libinit$$00000004)
    __rt_lib_init_alloca_1                   0x0800025b   Thumb Code     0  libinit2.o(.ARM.Collect$$libinit$$0000002E)
    __rt_lib_init_argv_1                     0x0800025b   Thumb Code     0  libinit2.o(.ARM.Collect$$libinit$$0000002C)
    __rt_lib_init_atexit_1                   0x0800025b   Thumb Code     0  libinit2.o(.ARM.Collect$$libinit$$0000001B)
    __rt_lib_init_clock_1                    0x0800025b   Thumb Code     0  libinit2.o(.ARM.Collect$$libinit$$00000021)
    __rt_lib_init_cpp_1                      0x0800025b   Thumb Code     0  libinit2.o(.ARM.Collect$$libinit$$00000032)
    __rt_lib_init_exceptions_1               0x0800025b   Thumb Code     0  libinit2.o(.ARM.Collect$$libinit$$00000030)
    __rt_lib_init_fp_trap_1                  0x0800025b   Thumb Code     0  libinit2.o(.ARM.Collect$$libinit$$0000001F)
    __rt_lib_init_getenv_1                   0x0800025b   Thumb Code     0  libinit2.o(.ARM.Collect$$libinit$$00000023)
    __rt_lib_init_heap_1                     0x0800025b   Thumb Code     0  libinit2.o(.ARM.Collect$$libinit$$0000000A)
    __rt_lib_init_lc_collate_1               0x0800025b   Thumb Code     0  libinit2.o(.ARM.Collect$$libinit$$00000011)
    __rt_lib_init_lc_ctype_1                 0x0800025b   Thumb Code     0  libinit2.o(.ARM.Collect$$libinit$$00000013)
    __rt_lib_init_lc_monetary_1              0x0800025b   Thumb Code     0  libinit2.o(.ARM.Collect$$libinit$$00000015)
    __rt_lib_init_lc_numeric_1               0x0800025b   Thumb Code     0  libinit2.o(.ARM.Collect$$libinit$$00000017)
    __rt_lib_init_lc_time_1                  0x0800025b   Thumb Code     0  libinit2.o(.ARM.Collect$$libinit$$00000019)
    __rt_lib_init_rand_1                     0x0800025b   Thumb Code     0  libinit2.o(.ARM.Collect$$libinit$$0000000E)
    __rt_lib_init_return                     0x0800025b   Thumb Code     0  libinit2.o(.ARM.Collect$$libinit$$00000033)
    __rt_lib_init_signal_1                   0x0800025b   Thumb Code     0  libinit2.o(.ARM.Collect$$libinit$$0000001D)
    __rt_lib_init_stdio_1                    0x0800025b   Thumb Code     0  libinit2.o(.ARM.Collect$$libinit$$00000025)
    __rt_lib_init_user_alloc_1               0x0800025b   Thumb Code     0  libinit2.o(.ARM.Collect$$libinit$$0000000C)
    __rt_lib_shutdown                        0x0800025d   Thumb Code     0  libshutdown.o(.ARM.Collect$$libshutdown$$00000000)
    __rt_lib_shutdown_cpp_1                  0x0800025f   Thumb Code     0  libshutdown2.o(.ARM.Collect$$libshutdown$$00000002)
    __rt_lib_shutdown_fp_trap_1              0x0800025f   Thumb Code     0  libshutdown2.o(.ARM.Collect$$libshutdown$$00000007)
    __rt_lib_shutdown_heap_1                 0x0800025f   Thumb Code     0  libshutdown2.o(.ARM.Collect$$libshutdown$$0000000F)
    __rt_lib_shutdown_return                 0x0800025f   Thumb Code     0  libshutdown2.o(.ARM.Collect$$libshutdown$$00000010)
    __rt_lib_shutdown_signal_1               0x0800025f   Thumb Code     0  libshutdown2.o(.ARM.Collect$$libshutdown$$0000000A)
    __rt_lib_shutdown_stdio_1                0x0800025f   Thumb Code     0  libshutdown2.o(.ARM.Collect$$libshutdown$$00000004)
    __rt_lib_shutdown_user_alloc_1           0x0800025f   Thumb Code     0  libshutdown2.o(.ARM.Collect$$libshutdown$$0000000C)
    __rt_entry                               0x08000261   Thumb Code     0  __rtentry.o(.ARM.Collect$$rtentry$$00000000)
    __rt_entry_presh_1                       0x08000261   Thumb Code     0  __rtentry2.o(.ARM.Collect$$rtentry$$00000002)
    __rt_entry_sh                            0x08000261   Thumb Code     0  __rtentry4.o(.ARM.Collect$$rtentry$$00000004)
    __rt_entry_li                            0x08000267   Thumb Code     0  __rtentry2.o(.ARM.Collect$$rtentry$$0000000A)
    __rt_entry_postsh_1                      0x08000267   Thumb Code     0  __rtentry2.o(.ARM.Collect$$rtentry$$00000009)
    __rt_entry_main                          0x0800026b   Thumb Code     0  __rtentry2.o(.ARM.Collect$$rtentry$$0000000D)
    __rt_entry_postli_1                      0x0800026b   Thumb Code     0  __rtentry2.o(.ARM.Collect$$rtentry$$0000000C)
    __rt_exit                                0x08000273   Thumb Code     0  rtexit.o(.ARM.Collect$$rtexit$$00000000)
    __rt_exit_ls                             0x08000275   Thumb Code     0  rtexit2.o(.ARM.Collect$$rtexit$$00000003)
    __rt_exit_prels_1                        0x08000275   Thumb Code     0  rtexit2.o(.ARM.Collect$$rtexit$$00000002)
    __rt_exit_exit                           0x08000279   Thumb Code     0  rtexit2.o(.ARM.Collect$$rtexit$$00000004)
    SVC_Handler                              0x08000281   Thumb Code    28  port.o(.emb_text)
    __asm___6_port_c_39a90d8d__prvStartFirstTask 0x080002a1   Thumb Code    36  port.o(.emb_text)
    __asm___6_port_c_39a90d8d__prvEnableVFP  0x080002c9   Thumb Code    16  port.o(.emb_text)
    PendSV_Handler                           0x080002dd   Thumb Code    88  port.o(.emb_text)
    vPortGetIPSR                             0x08000339   Thumb Code     6  port.o(.emb_text)
    Reset_Handler                            0x08000341   Thumb Code     8  startup_stm32f4xx.o(.text)
    _maybe_terminate_alloc                   0x08000341   Thumb Code     0  maybetermalloc1.o(.emb_text)
    ADC_IRQHandler                           0x0800035b   Thumb Code     0  startup_stm32f4xx.o(.text)
    CAN1_RX0_IRQHandler                      0x0800035b   Thumb Code     0  startup_stm32f4xx.o(.text)
    CAN1_RX1_IRQHandler                      0x0800035b   Thumb Code     0  startup_stm32f4xx.o(.text)
    CAN1_SCE_IRQHandler                      0x0800035b   Thumb Code     0  startup_stm32f4xx.o(.text)
    CAN1_TX_IRQHandler                       0x0800035b   Thumb Code     0  startup_stm32f4xx.o(.text)
    CAN2_RX0_IRQHandler                      0x0800035b   Thumb Code     0  startup_stm32f4xx.o(.text)
    CAN2_RX1_IRQHandler                      0x0800035b   Thumb Code     0  startup_stm32f4xx.o(.text)
    CAN2_SCE_IRQHandler                      0x0800035b   Thumb Code     0  startup_stm32f4xx.o(.text)
    CAN2_TX_IRQHandler                       0x0800035b   Thumb Code     0  startup_stm32f4xx.o(.text)
    CRYP_IRQHandler                          0x0800035b   Thumb Code     0  startup_stm32f4xx.o(.text)
    DCMI_IRQHandler                          0x0800035b   Thumb Code     0  startup_stm32f4xx.o(.text)
    DMA1_Stream0_IRQHandler                  0x0800035b   Thumb Code     0  startup_stm32f4xx.o(.text)
    DMA1_Stream1_IRQHandler                  0x0800035b   Thumb Code     0  startup_stm32f4xx.o(.text)
    DMA1_Stream2_IRQHandler                  0x0800035b   Thumb Code     0  startup_stm32f4xx.o(.text)
    DMA1_Stream3_IRQHandler                  0x0800035b   Thumb Code     0  startup_stm32f4xx.o(.text)
    DMA1_Stream4_IRQHandler                  0x0800035b   Thumb Code     0  startup_stm32f4xx.o(.text)
    DMA1_Stream5_IRQHandler                  0x0800035b   Thumb Code     0  startup_stm32f4xx.o(.text)
    DMA1_Stream6_IRQHandler                  0x0800035b   Thumb Code     0  startup_stm32f4xx.o(.text)
    DMA1_Stream7_IRQHandler                  0x0800035b   Thumb Code     0  startup_stm32f4xx.o(.text)
    DMA2_Stream0_IRQHandler                  0x0800035b   Thumb Code     0  startup_stm32f4xx.o(.text)
    DMA2_Stream1_IRQHandler                  0x0800035b   Thumb Code     0  startup_stm32f4xx.o(.text)
    DMA2_Stream2_IRQHandler                  0x0800035b   Thumb Code     0  startup_stm32f4xx.o(.text)
    DMA2_Stream3_IRQHandler                  0x0800035b   Thumb Code     0  startup_stm32f4xx.o(.text)
    DMA2_Stream4_IRQHandler                  0x0800035b   Thumb Code     0  startup_stm32f4xx.o(.text)
    DMA2_Stream5_IRQHandler                  0x0800035b   Thumb Code     0  startup_stm32f4xx.o(.text)
    DMA2_Stream6_IRQHandler                  0x0800035b   Thumb Code     0  startup_stm32f4xx.o(.text)
    DMA2_Stream7_IRQHandler                  0x0800035b   Thumb Code     0  startup_stm32f4xx.o(.text)
    ETH_IRQHandler                           0x0800035b   Thumb Code     0  startup_stm32f4xx.o(.text)
    ETH_WKUP_IRQHandler                      0x0800035b   Thumb Code     0  startup_stm32f4xx.o(.text)
    EXTI15_10_IRQHandler                     0x0800035b   Thumb Code     0  startup_stm32f4xx.o(.text)
    EXTI1_IRQHandler                         0x0800035b   Thumb Code     0  startup_stm32f4xx.o(.text)
    EXTI2_IRQHandler                         0x0800035b   Thumb Code     0  startup_stm32f4xx.o(.text)
    EXTI3_IRQHandler                         0x0800035b   Thumb Code     0  startup_stm32f4xx.o(.text)
    EXTI4_IRQHandler                         0x0800035b   Thumb Code     0  startup_stm32f4xx.o(.text)
    EXTI9_5_IRQHandler                       0x0800035b   Thumb Code     0  startup_stm32f4xx.o(.text)
    FLASH_IRQHandler                         0x0800035b   Thumb Code     0  startup_stm32f4xx.o(.text)
    FPU_IRQHandler                           0x0800035b   Thumb Code     0  startup_stm32f4xx.o(.text)
    FSMC_IRQHandler                          0x0800035b   Thumb Code     0  startup_stm32f4xx.o(.text)
    HASH_RNG_IRQHandler                      0x0800035b   Thumb Code     0  startup_stm32f4xx.o(.text)
    I2C1_ER_IRQHandler                       0x0800035b   Thumb Code     0  startup_stm32f4xx.o(.text)
    I2C1_EV_IRQHandler                       0x0800035b   Thumb Code     0  startup_stm32f4xx.o(.text)
    I2C2_ER_IRQHandler                       0x0800035b   Thumb Code     0  startup_stm32f4xx.o(.text)
    I2C2_EV_IRQHandler                       0x0800035b   Thumb Code     0  startup_stm32f4xx.o(.text)
    I2C3_ER_IRQHandler                       0x0800035b   Thumb Code     0  startup_stm32f4xx.o(.text)
    I2C3_EV_IRQHandler                       0x0800035b   Thumb Code     0  startup_stm32f4xx.o(.text)
    OTG_FS_IRQHandler                        0x0800035b   Thumb Code     0  startup_stm32f4xx.o(.text)
    OTG_FS_WKUP_IRQHandler                   0x0800035b   Thumb Code     0  startup_stm32f4xx.o(.text)
    OTG_HS_EP1_IN_IRQHandler                 0x0800035b   Thumb Code     0  startup_stm32f4xx.o(.text)
    OTG_HS_EP1_OUT_IRQHandler                0x0800035b   Thumb Code     0  startup_stm32f4xx.o(.text)
    OTG_HS_IRQHandler                        0x0800035b   Thumb Code     0  startup_stm32f4xx.o(.text)
    OTG_HS_WKUP_IRQHandler                   0x0800035b   Thumb Code     0  startup_stm32f4xx.o(.text)
    PVD_IRQHandler                           0x0800035b   Thumb Code     0  startup_stm32f4xx.o(.text)
    RCC_IRQHandler                           0x0800035b   Thumb Code     0  startup_stm32f4xx.o(.text)
    RTC_Alarm_IRQHandler                     0x0800035b   Thumb Code     0  startup_stm32f4xx.o(.text)
    RTC_WKUP_IRQHandler                      0x0800035b   Thumb Code     0  startup_stm32f4xx.o(.text)
    SDIO_IRQHandler                          0x0800035b   Thumb Code     0  startup_stm32f4xx.o(.text)
    SPI1_IRQHandler                          0x0800035b   Thumb Code     0  startup_stm32f4xx.o(.text)
    SPI2_IRQHandler                          0x0800035b   Thumb Code     0  startup_stm32f4xx.o(.text)
    SPI3_IRQHandler                          0x0800035b   Thumb Code     0  startup_stm32f4xx.o(.text)
    TAMP_STAMP_IRQHandler                    0x0800035b   Thumb Code     0  startup_stm32f4xx.o(.text)
    TIM1_BRK_TIM9_IRQHandler                 0x0800035b   Thumb Code     0  startup_stm32f4xx.o(.text)
    TIM1_CC_IRQHandler                       0x0800035b   Thumb Code     0  startup_stm32f4xx.o(.text)
    TIM1_TRG_COM_TIM11_IRQHandler            0x0800035b   Thumb Code     0  startup_stm32f4xx.o(.text)
    TIM1_UP_TIM10_IRQHandler                 0x0800035b   Thumb Code     0  startup_stm32f4xx.o(.text)
    TIM2_IRQHandler                          0x0800035b   Thumb Code     0  startup_stm32f4xx.o(.text)
    TIM3_IRQHandler                          0x0800035b   Thumb Code     0  startup_stm32f4xx.o(.text)
    TIM4_IRQHandler                          0x0800035b   Thumb Code     0  startup_stm32f4xx.o(.text)
    TIM6_DAC_IRQHandler                      0x0800035b   Thumb Code     0  startup_stm32f4xx.o(.text)
    TIM7_IRQHandler                          0x0800035b   Thumb Code     0  startup_stm32f4xx.o(.text)
    TIM8_BRK_TIM12_IRQHandler                0x0800035b   Thumb Code     0  startup_stm32f4xx.o(.text)
    TIM8_CC_IRQHandler                       0x0800035b   Thumb Code     0  startup_stm32f4xx.o(.text)
    TIM8_TRG_COM_TIM14_IRQHandler            0x0800035b   Thumb Code     0  startup_stm32f4xx.o(.text)
    TIM8_UP_TIM13_IRQHandler                 0x0800035b   Thumb Code     0  startup_stm32f4xx.o(.text)
    UART4_IRQHandler                         0x0800035b   Thumb Code     0  startup_stm32f4xx.o(.text)
    UART5_IRQHandler                         0x0800035b   Thumb Code     0  startup_stm32f4xx.o(.text)
    USART1_IRQHandler                        0x0800035b   Thumb Code     0  startup_stm32f4xx.o(.text)
    USART2_IRQHandler                        0x0800035b   Thumb Code     0  startup_stm32f4xx.o(.text)
    USART3_IRQHandler                        0x0800035b   Thumb Code     0  startup_stm32f4xx.o(.text)
    USART6_IRQHandler                        0x0800035b   Thumb Code     0  startup_stm32f4xx.o(.text)
    WWDG_IRQHandler                          0x0800035b   Thumb Code     0  startup_stm32f4xx.o(.text)
    __user_initial_stackheap                 0x0800035d   Thumb Code     0  startup_stm32f4xx.o(.text)
    malloc                                   0x08000381   Thumb Code    94  h1_alloc.o(.text)
    free                                     0x080003df   Thumb Code    78  h1_free.o(.text)
    __2sprintf                               0x0800042d   Thumb Code    34  noretval__2sprintf.o(.text)
    _printf_pre_padding                      0x08000455   Thumb Code    44  _printf_pad.o(.text)
    _printf_post_padding                     0x08000481   Thumb Code    34  _printf_pad.o(.text)
    _printf_str                              0x080004a3   Thumb Code    82  _printf_str.o(.text)
    _printf_int_dec                          0x080004f5   Thumb Code   104  _printf_dec.o(.text)
    __printf                                 0x0800056d   Thumb Code   308  __printf_flags_wp.o(.text)
    __aeabi_memcpy                           0x080006a5   Thumb Code     0  rt_memcpy_v6.o(.text)
    __rt_memcpy                              0x080006a5   Thumb Code   138  rt_memcpy_v6.o(.text)
    _memcpy_lastbytes                        0x0800070b   Thumb Code     0  rt_memcpy_v6.o(.text)
    __aeabi_memset                           0x0800072f   Thumb Code    16  aeabi_memset.o(.text)
    __use_two_region_memory                  0x0800073f   Thumb Code     2  heapauxi.o(.text)
    __rt_heap_escrow                         0x08000741   Thumb Code     2  heapauxi.o(.text)
    __rt_heap_expand                         0x08000743   Thumb Code     2  heapauxi.o(.text)
    __rt_heap_descriptor                     0x08000745   Thumb Code     8  rt_heap_descriptor_intlibspace.o(.text)
    __use_no_heap                            0x0800074d   Thumb Code     2  hguard.o(.text)
    __heap$guard                             0x0800074f   Thumb Code     2  hguard.o(.text)
    _terminate_user_alloc                    0x08000751   Thumb Code     2  init_alloc.o(.text)
    _init_user_alloc                         0x08000753   Thumb Code     2  init_alloc.o(.text)
    __Heap_Full                              0x08000755   Thumb Code    34  init_alloc.o(.text)
    __Heap_Broken                            0x08000777   Thumb Code     6  init_alloc.o(.text)
    _init_alloc                              0x0800077d   Thumb Code    94  init_alloc.o(.text)
    __Heap_Initialize                        0x080007db   Thumb Code    10  h1_init.o(.text)
    __Heap_DescSize                          0x080007e5   Thumb Code     4  h1_init.o(.text)
    _printf_int_common                       0x080007e9   Thumb Code   178  _printf_intcommon.o(.text)
    _printf_char_common                      0x080008a7   Thumb Code    32  _printf_char_common.o(.text)
    _sputc                                   0x080008cd   Thumb Code    10  _sputc.o(.text)
    _printf_cs_common                        0x080008d7   Thumb Code    20  _printf_char.o(.text)
    _printf_char                             0x080008eb   Thumb Code    16  _printf_char.o(.text)
    _printf_string                           0x080008fb   Thumb Code     8  _printf_char.o(.text)
    __aeabi_memcpy4                          0x08000903   Thumb Code     0  rt_memcpy_w.o(.text)
    __aeabi_memcpy8                          0x08000903   Thumb Code     0  rt_memcpy_w.o(.text)
    __rt_memcpy_w                            0x08000903   Thumb Code   100  rt_memcpy_w.o(.text)
    _memcpy_lastbytes_aligned                0x0800094b   Thumb Code     0  rt_memcpy_w.o(.text)
    __aeabi_memclr                           0x08000967   Thumb Code     0  rt_memclr.o(.text)
    __rt_memclr                              0x08000967   Thumb Code    68  rt_memclr.o(.text)
    _memset                                  0x0800096b   Thumb Code     0  rt_memclr.o(.text)
    __user_libspace                          0x080009ad   Thumb Code     8  libspace.o(.text)
    __user_perproc_libspace                  0x080009ad   Thumb Code     0  libspace.o(.text)
    __user_perthread_libspace                0x080009ad   Thumb Code     0  libspace.o(.text)
    __Heap_ProvideMemory                     0x080009b5   Thumb Code    52  h1_extend.o(.text)
    __rt_SIGRTMEM                            0x080009e9   Thumb Code    14  defsig_rtmem_outer.o(.text)
    __aeabi_memclr4                          0x080009f7   Thumb Code     0  rt_memclr_w.o(.text)
    __aeabi_memclr8                          0x080009f7   Thumb Code     0  rt_memclr_w.o(.text)
    __rt_memclr_w                            0x080009f7   Thumb Code    78  rt_memclr_w.o(.text)
    _memset_w                                0x080009fb   Thumb Code     0  rt_memclr_w.o(.text)
    __I$use$semihosting                      0x08000a45   Thumb Code     0  use_no_semi.o(.text)
    __use_no_semihosting_swi                 0x08000a45   Thumb Code     2  use_no_semi.o(.text)
    __semihosting_library_function           0x08000a47   Thumb Code     0  indicate_semi.o(.text)
    __user_setup_stackheap                   0x08000a47   Thumb Code    74  sys_stackheap_outer.o(.text)
    exit                                     0x08000a91   Thumb Code    18  exit.o(.text)
    __sig_exit                               0x08000aa3   Thumb Code    10  defsig_exit.o(.text)
    __rt_SIGRTMEM_inner                      0x08000aad   Thumb Code    22  defsig_rtmem_inner.o(.text)
    _sys_exit                                0x08000afd   Thumb Code     8  sys_exit.o(.text)
    __default_signal_display                 0x08000b09   Thumb Code    50  defsig_general.o(.text)
    _ttywrch                                 0x08000b3b   Thumb Code    14  sys_wrch.o(.text)
    BusFault_Handler                         0x08000b49   Thumb Code     4  stm32f4xx_it.o(i.BusFault_Handler)
    DebugMon_Handler                         0x08000b4d   Thumb Code     2  stm32f4xx_it.o(i.DebugMon_Handler)
    DelayMS                                  0x08000b4f   Thumb Code    26  lcd.o(i.DelayMS)
    EXTI0_IRQHandler                         0x08000b69   Thumb Code   182  button.o(i.EXTI0_IRQHandler)
    EXTI_ClearITPendingBit                   0x08000c3d   Thumb Code     6  stm32f4xx_exti.o(i.EXTI_ClearITPendingBit)
    EXTI_GetITStatus                         0x08000c49   Thumb Code    20  stm32f4xx_exti.o(i.EXTI_GetITStatus)
    EXTI_Init                                0x08000c61   Thumb Code   142  stm32f4xx_exti.o(i.EXTI_Init)
    EnableButtonEXTI                         0x08000cf5   Thumb Code    34  button.o(i.EnableButtonEXTI)
    EnableTimerInterrupt                     0x08000d17   Thumb Code    32  button.o(i.EnableTimerInterrupt)
    GPIO_Init                                0x08000d37   Thumb Code   144  stm32f4xx_gpio.o(i.GPIO_Init)
    GPIO_PinAFConfig                         0x08000dc7   Thumb Code    70  stm32f4xx_gpio.o(i.GPIO_PinAFConfig)
    GPIO_ReadInputDataBit                    0x08000e0d   Thumb Code    18  stm32f4xx_gpio.o(i.GPIO_ReadInputDataBit)
    GPIO_ResetBits                           0x08000e1f   Thumb Code     4  stm32f4xx_gpio.o(i.GPIO_ResetBits)
    GPIO_SetBits                             0x08000e23   Thumb Code     4  stm32f4xx_gpio.o(i.GPIO_SetBits)
    GPIO_StructInit                          0x08000e27   Thumb Code    18  stm32f4xx_gpio.o(i.GPIO_StructInit)
    GPIO_ToggleBits                          0x08000e39   Thumb Code     8  stm32f4xx_gpio.o(i.GPIO_ToggleBits)
    HardFault_Handler                        0x08000e41   Thumb Code     4  stm32f4xx_it.o(i.HardFault_Handler)
    I2C_AcknowledgeConfig                    0x08000e45   Thumb Code    24  stm32f4xx_i2c.o(i.I2C_AcknowledgeConfig)
    I2C_CheckEvent                           0x08000e5d   Thumb Code    42  stm32f4xx_i2c.o(i.I2C_CheckEvent)
    I2C_Cmd                                  0x08000e87   Thumb Code    24  stm32f4xx_i2c.o(i.I2C_Cmd)
    I2C_DeInit                               0x08000ea1   Thumb Code    82  stm32f4xx_i2c.o(i.I2C_DeInit)
    I2C_GenerateSTART                        0x08000f01   Thumb Code    24  stm32f4xx_i2c.o(i.I2C_GenerateSTART)
    I2C_GenerateSTOP                         0x08000f19   Thumb Code    24  stm32f4xx_i2c.o(i.I2C_GenerateSTOP)
    I2C_GetFlagStatus                        0x08000f31   Thumb Code    58  stm32f4xx_i2c.o(i.I2C_GetFlagStatus)
    I2C_Init                                 0x08000f6d   Thumb Code   218  stm32f4xx_i2c.o(i.I2C_Init)
    I2C_ReceiveData                          0x08001055   Thumb Code     8  stm32f4xx_i2c.o(i.I2C_ReceiveData)
    I2C_Send7bitAddress                      0x0800105d   Thumb Code    16  stm32f4xx_i2c.o(i.I2C_Send7bitAddress)
    I2C_SendData                             0x0800106d   Thumb Code     4  stm32f4xx_i2c.o(i.I2C_SendData)
    I2S_Cmd                                  0x08001071   Thumb Code    24  stm32f4xx_spi.o(i.I2S_Cmd)
    I2S_Init                                 0x08001089   Thumb Code   350  stm32f4xx_spi.o(i.I2S_Init)
    InitButton                               0x080011f1   Thumb Code    92  button.o(i.InitButton)
    InitButtonTimer                          0x08001251   Thumb Code    68  button.o(i.InitButtonTimer)
    InitLEDs                                 0x08001299   Thumb Code    48  coffee_machine_fsm.o(i.InitLEDs)
    InitPWMTimer4                            0x080012cd   Thumb Code    54  servo.o(i.InitPWMTimer4)
    InitServos                               0x08001309   Thumb Code    58  servo.o(i.InitServos)
    LCD_CLEAR                                0x08001349   Thumb Code    26  lcd.o(i.LCD_CLEAR)
    LCD_DATA                                 0x08001365   Thumb Code    60  lcd.o(i.LCD_DATA)
    LCD_Init                                 0x080013a5   Thumb Code   146  lcd.o(i.LCD_Init)
    LCD_LINE                                 0x0800143d   Thumb Code    42  lcd.o(i.LCD_LINE)
    LCD_NYB                                  0x08001469   Thumb Code   102  lcd.o(i.LCD_NYB)
    LCD_STR                                  0x080014d5   Thumb Code    54  lcd.o(i.LCD_STR)
    LCD_print                                0x0800150b   Thumb Code    44  lcd.o(i.LCD_print)
    LCD_program_print                        0x08001539   Thumb Code    58  coffee_machine_fsm.o(i.LCD_program_print)
    MemManage_Handler                        0x0800157d   Thumb Code     4  stm32f4xx_it.o(i.MemManage_Handler)
    NMI_Handler                              0x08001581   Thumb Code     2  stm32f4xx_it.o(i.NMI_Handler)
    NVIC_Init                                0x08001585   Thumb Code   106  misc.o(i.NVIC_Init)
    NVIC_PriorityGroupConfig                 0x080015fd   Thumb Code    10  misc.o(i.NVIC_PriorityGroupConfig)
    RCC_AHB1PeriphClockCmd                   0x08001611   Thumb Code    26  stm32f4xx_rcc.o(i.RCC_AHB1PeriphClockCmd)
    RCC_APB1PeriphClockCmd                   0x08001631   Thumb Code    26  stm32f4xx_rcc.o(i.RCC_APB1PeriphClockCmd)
    RCC_APB1PeriphResetCmd                   0x08001651   Thumb Code    26  stm32f4xx_rcc.o(i.RCC_APB1PeriphResetCmd)
    RCC_APB2PeriphClockCmd                   0x08001671   Thumb Code    26  stm32f4xx_rcc.o(i.RCC_APB2PeriphClockCmd)
    RCC_APB2PeriphResetCmd                   0x08001691   Thumb Code    26  stm32f4xx_rcc.o(i.RCC_APB2PeriphResetCmd)
    RCC_GetClocksFreq                        0x080016b1   Thumb Code   214  stm32f4xx_rcc.o(i.RCC_GetClocksFreq)
    RCC_PLLI2SCmd                            0x08001799   Thumb Code     6  stm32f4xx_rcc.o(i.RCC_PLLI2SCmd)
    SPI_I2S_DeInit                           0x080017a5   Thumb Code   152  stm32f4xx_spi.o(i.SPI_I2S_DeInit)
    SPI_I2S_GetFlagStatus                    0x08001855   Thumb Code    18  stm32f4xx_spi.o(i.SPI_I2S_GetFlagStatus)
    SPI_I2S_SendData                         0x08001867   Thumb Code     4  stm32f4xx_spi.o(i.SPI_I2S_SendData)
    SYSCFG_EXTILineConfig                    0x0800186d   Thumb Code    60  stm32f4xx_syscfg.o(i.SYSCFG_EXTILineConfig)
    SetupPWM                                 0x08001999   Thumb Code    52  servo.o(i.SetupPWM)
    SysTick_Handler                          0x080019d1   Thumb Code    46  port.o(i.SysTick_Handler)
    SystemInit                               0x08001a05   Thumb Code    88  system_stm32f4xx.o(i.SystemInit)
    TIM5_IRQHandler                          0x08001a6d   Thumb Code    98  button.o(i.TIM5_IRQHandler)
    TIM_ARRPreloadConfig                     0x08001ae9   Thumb Code    24  stm32f4xx_tim.o(i.TIM_ARRPreloadConfig)
    TIM_ClearITPendingBit                    0x08001b01   Thumb Code     6  stm32f4xx_tim.o(i.TIM_ClearITPendingBit)
    TIM_Cmd                                  0x08001b07   Thumb Code    24  stm32f4xx_tim.o(i.TIM_Cmd)
    TIM_ITConfig                             0x08001b1f   Thumb Code    18  stm32f4xx_tim.o(i.TIM_ITConfig)
    TIM_OC3Init                              0x08001b31   Thumb Code   150  stm32f4xx_tim.o(i.TIM_OC3Init)
    TIM_OC3PreloadConfig                     0x08001bd1   Thumb Code    18  stm32f4xx_tim.o(i.TIM_OC3PreloadConfig)
    TIM_TimeBaseInit                         0x08001be5   Thumb Code   104  stm32f4xx_tim.o(i.TIM_TimeBaseInit)
    UsageFault_Handler                       0x08001c69   Thumb Code     4  stm32f4xx_it.o(i.UsageFault_Handler)
    WaitLCDBusy                              0x08001c6d   Thumb Code    10  lcd.o(i.WaitLCDBusy)
    _is_digit                                0x08001c77   Thumb Code    14  __printf_wp.o(i._is_digit)
    activeAction                             0x08001c85   Thumb Code    40  coffee_machine_fsm.o(i.activeAction)
    addChocolateMilk                         0x08001cb9   Thumb Code    12  coffee_task.o(i.addChocolateMilk)
    addEspresso                              0x08001cc5   Thumb Code    12  coffee_task.o(i.addEspresso)
    addFreshMilk                             0x08001cd1   Thumb Code    12  coffee_task.o(i.addFreshMilk)
    brewAction                               0x08001cdd   Thumb Code   180  coffee_machine_fsm.o(i.brewAction)
    codec_ctrl_init                          0x08001db9   Thumb Code   346  codec.o(i.codec_ctrl_init)
    codec_init                               0x08001f19   Thumb Code   302  codec.o(i.codec_init)
    coffeMachineMaster                       0x0800206d   Thumb Code    36  main.o(i.coffeMachineMaster)
    coffeeHandler                            0x08002099   Thumb Code   282  coffee_task.o(i.coffeeHandler)
    generateNewCoffee                        0x080021c1   Thumb Code   102  coffee_task.o(i.generateNewCoffee)
    initFilter                               0x08002231   Thumb Code    96  coffee_machine_fsm.o(i.initFilter)
    main                                     0x08002299   Thumb Code   152  main.o(i.main)
    makeCoffeeTask                           0x08002371   Thumb Code    24  coffee_task.o(i.makeCoffeeTask)
    nextAction                               0x0800238d   Thumb Code    12  coffee_machine_fsm.o(i.nextAction)
    noActiveAction                           0x08002399   Thumb Code     4  coffee_machine_fsm.o(i.noActiveAction)
    noProgrammingAction                      0x0800239d   Thumb Code   178  coffee_machine_fsm.o(i.noProgrammingAction)
    playConfirmAction                        0x08002485   Thumb Code   188  coffee_machine_fsm.o(i.playConfirmAction)
    postBrewAction                           0x0800257d   Thumb Code     4  coffee_machine_fsm.o(i.postBrewAction)
    preBrewAction                            0x08002581   Thumb Code   200  coffee_machine_fsm.o(i.preBrewAction)
    preSelectTimingAction                    0x0800268d   Thumb Code    80  coffee_machine_fsm.o(i.preSelectTimingAction)
    printRemainTaskInfo                      0x08002705   Thumb Code    58  coffee_task.o(i.printRemainTaskInfo)
    processAction                            0x08002755   Thumb Code    52  coffee_machine_fsm.o(i.processAction)
    processSound                             0x08002799   Thumb Code   322  coffee_machine_fsm.o(i.processSound)
    pvPortMalloc                             0x080032d5   Thumb Code   164  heap_2.o(i.pvPortMalloc)
    pvTaskIncrementMutexHeldCount            0x0800338d   Thumb Code    26  tasks.o(i.pvTaskIncrementMutexHeldCount)
    pxPortInitialiseStack                    0x080033ad   Thumb Code    38  port.o(i.pxPortInitialiseStack)
    read_codec_register                      0x080033d9   Thumb Code   206  codec.o(i.read_codec_register)
    resetAction                              0x080034b9   Thumb Code    64  coffee_machine_fsm.o(i.resetAction)
    resetAction2                             0x08003529   Thumb Code    16  coffee_machine_fsm.o(i.resetAction2)
    resetTypeAction                          0x0800353d   Thumb Code    16  coffee_machine_fsm.o(i.resetTypeAction)
    selectTimingAction                       0x08003551   Thumb Code    70  coffee_machine_fsm.o(i.selectTimingAction)
    selectTypeAction                         0x080035ad   Thumb Code    66  coffee_machine_fsm.o(i.selectTypeAction)
    send_codec_ctrl                          0x080035fd   Thumb Code   130  codec.o(i.send_codec_ctrl)
    setLight                                 0x0800368d   Thumb Code   152  coffee_machine_fsm.o(i.setLight)
    setServo                                 0x08003729   Thumb Code     6  servo.o(i.setServo)
    setSysTick                               0x08003735   Thumb Code    90  servo.o(i.setSysTick)
    startAction                              0x0800379d   Thumb Code    58  coffee_machine_fsm.o(i.startAction)
    updateFilter                             0x080037f1   Thumb Code    88  coffee_machine_fsm.o(i.updateFilter)
    uxListRemove                             0x0800384d   Thumb Code    40  list.o(i.uxListRemove)
    vListInitialise                          0x08003875   Thumb Code    26  list.o(i.vListInitialise)
    vListInitialiseItem                      0x0800388f   Thumb Code     6  list.o(i.vListInitialiseItem)
    vListInsert                              0x08003895   Thumb Code    52  list.o(i.vListInsert)
    vListInsertEnd                           0x080038c9   Thumb Code    24  list.o(i.vListInsertEnd)
    vPortEnterCritical                       0x080038e1   Thumb Code    76  port.o(i.vPortEnterCritical)
    vPortExitCritical                        0x08003935   Thumb Code    56  port.o(i.vPortExitCritical)
    vPortFree                                0x08003971   Thumb Code    56  heap_2.o(i.vPortFree)
    vPortSetupTimerInterrupt                 0x080039b1   Thumb Code    36  port.o(i.vPortSetupTimerInterrupt)
    vPortValidateInterruptPriority           0x080039d9   Thumb Code   106  port.o(i.vPortValidateInterruptPriority)
    vQueueAddToRegistry                      0x08003a51   Thumb Code    38  queue.o(i.vQueueAddToRegistry)
    vQueueWaitForMessageRestricted           0x08003a7d   Thumb Code    74  queue.o(i.vQueueWaitForMessageRestricted)
    vTaskDelay                               0x08003ac9   Thumb Code    82  tasks.o(i.vTaskDelay)
    vTaskDelete                              0x08003b25   Thumb Code   202  tasks.o(i.vTaskDelete)
    vTaskInternalSetTimeOutState             0x08003c19   Thumb Code    14  tasks.o(i.vTaskInternalSetTimeOutState)
    vTaskMissedYield                         0x08003c31   Thumb Code     8  tasks.o(i.vTaskMissedYield)
    vTaskPlaceOnEventList                    0x08003c3d   Thumb Code    52  tasks.o(i.vTaskPlaceOnEventList)
    vTaskPlaceOnEventListRestricted          0x08003c75   Thumb Code    60  tasks.o(i.vTaskPlaceOnEventListRestricted)
    vTaskPriorityDisinheritAfterTimeout      0x08003cb5   Thumb Code   216  tasks.o(i.vTaskPriorityDisinheritAfterTimeout)
    vTaskStartScheduler                      0x08003d99   Thumb Code   118  tasks.o(i.vTaskStartScheduler)
    vTaskSuspend                             0x08003e2d   Thumb Code   210  tasks.o(i.vTaskSuspend)
    vTaskSuspendAll                          0x08003f21   Thumb Code    12  tasks.o(i.vTaskSuspendAll)
    vTaskSwitchContext                       0x08003f31   Thumb Code   118  tasks.o(i.vTaskSwitchContext)
    wait                                     0x08003fbd   Thumb Code    12  coffee_machine_fsm.o(i.wait)
    xPortStartScheduler                      0x08003fc9   Thumb Code   372  port.o(i.xPortStartScheduler)
    xQueueCreateMutex                        0x08004159   Thumb Code    34  queue.o(i.xQueueCreateMutex)
    xQueueGenericCreate                      0x0800417b   Thumb Code    84  queue.o(i.xQueueGenericCreate)
    xQueueGenericReset                       0x080041d1   Thumb Code   146  queue.o(i.xQueueGenericReset)
    xQueueGenericSend                        0x08004269   Thumb Code   420  queue.o(i.xQueueGenericSend)
    xQueueGenericSendFromISR                 0x08004411   Thumb Code   252  queue.o(i.xQueueGenericSendFromISR)
    xQueueReceive                            0x0800450d   Thumb Code   356  queue.o(i.xQueueReceive)
    xQueueSemaphoreTake                      0x08004675   Thumb Code   434  queue.o(i.xQueueSemaphoreTake)
    xTaskCheckForTimeOut                     0x0800482d   Thumb Code   132  tasks.o(i.xTaskCheckForTimeOut)
    xTaskCreate                              0x080048b9   Thumb Code    96  tasks.o(i.xTaskCreate)
    xTaskGetSchedulerState                   0x08004919   Thumb Code    24  tasks.o(i.xTaskGetSchedulerState)
    xTaskGetTickCount                        0x08004939   Thumb Code     6  tasks.o(i.xTaskGetTickCount)
    xTaskIncrementTick                       0x08004945   Thumb Code   282  tasks.o(i.xTaskIncrementTick)
    xTaskPriorityDisinherit                  0x08004a8d   Thumb Code   188  tasks.o(i.xTaskPriorityDisinherit)
    xTaskPriorityInherit                     0x08004b55   Thumb Code   172  tasks.o(i.xTaskPriorityInherit)
    xTaskRemoveFromEventList                 0x08004c0d   Thumb Code   128  tasks.o(i.xTaskRemoveFromEventList)
    xTaskResumeAll                           0x08004ca5   Thumb Code   224  tasks.o(i.xTaskResumeAll)
    xTaskResumeFromISR                       0x08004da9   Thumb Code   158  tasks.o(i.xTaskResumeFromISR)
    xTimerCreateTimerTask                    0x08004e5d   Thumb Code    66  timers.o(i.xTimerCreateTimerTask)
    xTimerGenericCommand                     0x08004eb5   Thumb Code   126  timers.o(i.xTimerGenericCommand)
    __aeabi_d2f                              0x08004f39   Thumb Code     0  d2f.o(x$fpl$d2f)
    _d2f                                     0x08004f39   Thumb Code    98  d2f.o(x$fpl$d2f)
    __aeabi_dadd                             0x08004f9d   Thumb Code     0  daddsub_clz.o(x$fpl$dadd)
    _dadd                                    0x08004f9d   Thumb Code   332  daddsub_clz.o(x$fpl$dadd)
    __fpl_dcmp_Inf                           0x080050ed   Thumb Code    24  dcmpi.o(x$fpl$dcmpinf)
    __aeabi_d2iz                             0x08005105   Thumb Code     0  dfix.o(x$fpl$dfix)
    _dfix                                    0x08005105   Thumb Code    94  dfix.o(x$fpl$dfix)
    __aeabi_cdcmple                          0x08005165   Thumb Code     0  dleqf.o(x$fpl$dleqf)
    _dcmple                                  0x08005165   Thumb Code   120  dleqf.o(x$fpl$dleqf)
    __fpl_dcmple_InfNaN                      0x080051c7   Thumb Code     0  dleqf.o(x$fpl$dleqf)
    __aeabi_dmul                             0x080051dd   Thumb Code     0  dmul.o(x$fpl$dmul)
    _dmul                                    0x080051dd   Thumb Code   332  dmul.o(x$fpl$dmul)
    __fpl_dnaninf                            0x08005331   Thumb Code   156  dnaninf.o(x$fpl$dnaninf)
    __fpl_dretinf                            0x080053cd   Thumb Code    12  dretinf.o(x$fpl$dretinf)
    __aeabi_cdrcmple                         0x080053d9   Thumb Code     0  drleqf.o(x$fpl$drleqf)
    _drcmple                                 0x080053d9   Thumb Code   108  drleqf.o(x$fpl$drleqf)
    __aeabi_dsub                             0x08005445   Thumb Code     0  daddsub_clz.o(x$fpl$dsub)
    _dsub                                    0x08005445   Thumb Code   464  daddsub_clz.o(x$fpl$dsub)
    __aeabi_f2d                              0x08005619   Thumb Code     0  f2d.o(x$fpl$f2d)
    _f2d                                     0x08005619   Thumb Code    86  f2d.o(x$fpl$f2d)
    __fpl_fnaninf                            0x0800566f   Thumb Code   140  fnaninf.o(x$fpl$fnaninf)
    _fp_init                                 0x080056fb   Thumb Code    10  fpinit.o(x$fpl$fpinit)
    __fplib_config_fpu_vfp                   0x08005703   Thumb Code     0  fpinit.o(x$fpl$fpinit)
    __fplib_config_pureend_doubles           0x08005703   Thumb Code     0  fpinit.o(x$fpl$fpinit)
    __fpl_fretinf                            0x08005705   Thumb Code    10  fretinf.o(x$fpl$fretinf)
    __I$use$fp                               0x0800570e   Number         0  usenofp.o(x$fpl$usenofp)
    Region$$Table$$Base                      0x080057d4   Number         0  anon$$obj.o(Region$$Table)
    Region$$Table$$Limit                     0x08005804   Number         0  anon$$obj.o(Region$$Table)
    SystemCoreClock                          0x10000000   Data           4  system_stm32f4xx.o(.data)
    AHBPrescTable                            0x10000004   Data          16  system_stm32f4xx.o(.data)
    length                                   0x10000018   Data           4  coffee_machine_fsm.o(.data)
    nextCount                                0x1000001c   Data           4  coffee_machine_fsm.o(.data)
    nokia                                    0x10000020   Data          64  coffee_machine_fsm.o(.data)
    timer_counter                            0x10000060   Data           4  coffee_machine_fsm.o(.data)
    count_down_timer                         0x10000064   Data           4  coffee_machine_fsm.o(.data)
    enableSound                              0x10000068   Data           4  coffee_machine_fsm.o(.data)
    timeInterrupt                            0x1000006c   Data           4  coffee_machine_fsm.o(.data)
    currentIndex                             0x10000070   Data           4  coffee_machine_fsm.o(.data)
    selectedAction                           0x10000074   Data           4  coffee_machine_fsm.o(.data)
    selectedTiming                           0x10000078   Data           4  coffee_machine_fsm.o(.data)
    id                                       0x1000007c   Data           4  coffee_machine_fsm.o(.data)
    timingSetting                            0x10000080   Data          16  coffee_machine_fsm.o(.data)
    sleepTime                                0x10000090   Data           4  coffee_machine_fsm.o(.data)
    selectedType                             0x10000094   Data           4  coffee_machine_fsm.o(.data)
    sawWave                                  0x10000098   Data           8  coffee_machine_fsm.o(.data)
    countDown                                0x100000a0   Data           4  coffee_machine_fsm.o(.data)
    frequency                                0x100000a4   Data           4  coffee_machine_fsm.o(.data)
    filteredSaw                              0x100000a8   Data           4  coffee_machine_fsm.o(.data)
    sampleCounter                            0x100000ac   Data           4  coffee_machine_fsm.o(.data)
    sample                                   0x100000b0   Data           2  coffee_machine_fsm.o(.data)
    state_str                                0x100000b4   Data          32  coffee_machine_fsm.o(.data)
    type_str                                 0x100000d4   Data          16  coffee_machine_fsm.o(.data)
    state                                    0x100000e4   Data          64  coffee_machine_fsm.o(.data)
    stateMatrix                              0x10000124   Data          40  coffee_machine_fsm.o(.data)
    currentState                             0x1000014c   Data           1  coffee_machine_fsm.o(.data)
    button_status                            0x10000150   Data           1  button.o(.data)
    last_button_status                       0x10000151   Data           1  button.o(.data)
    isDoubleClick                            0x10000154   Data           4  button.o(.data)
    isSuspend                                0x10000158   Data           4  button.o(.data)
    button_action_str                        0x1000015c   Data          20  button.o(.data)
    count_down_timer_ptr                     0x10000170   Data           4  button.o(.data)
    coffees                                  0x10000174   Data          48  coffee_task.o(.data)
    xMasterThreadHandler                     0x100001a4   Data           4  coffee_task.o(.data)
    coffeeCount                              0x100001a8   Data           4  coffee_task.o(.data)
    xMutex                                   0x100001ac   Data           4  coffee_task.o(.data)
    pxCurrentTCB                             0x100001b0   Data           4  tasks.o(.data)
    filt                                     0x10000234   Data          68  coffee_machine_fsm.o(.bss)
    I2S_InitType                             0x10000278   Data          16  codec.o(.bss)
    I2C_InitType                             0x10000288   Data          16  codec.o(.bss)
    xQueueRegistry                           0x10000298   Data          64  queue.o(.bss)
    __libspace_start                         0x100003c8   Data          96  libspace.o(.bss)
    __temporary_stack_top$libspace           0x10000428   Data           0  libspace.o(.bss)



==============================================================================

Memory Map of the image

  Image Entry point : 0x08000189

  Load Region LR_IROM1 (Base: 0x08000000, Size: 0x00005a38, Max: 0x00100000, ABSOLUTE, COMPRESSED[0x00005914])

    Execution Region ER_IROM1 (Exec base: 0x08000000, Load base: 0x08000000, Size: 0x00005804, Max: 0x00100000, ABSOLUTE)

    Exec Addr    Load Addr    Size         Type   Attr      Idx    E Section Name        Object

    0x08000000   0x08000000   0x00000188   Data   RO            3    RESET               startup_stm32f4xx.o
    0x08000188   0x08000188   0x00000008   Code   RO         6751  * !!!main             c_w.l(__main.o)
    0x08000190   0x08000190   0x00000034   Code   RO         7002    !!!scatter          c_w.l(__scatter.o)
    0x080001c4   0x080001c4   0x0000005a   Code   RO         7000    !!dczerorl2         c_w.l(__dczerorl2.o)
    0x0800021e   0x0800021e   0x00000002   PAD
    0x08000220   0x08000220   0x0000001c   Code   RO         7004    !!handler_zi        c_w.l(__scatter_zi.o)
    0x0800023c   0x0800023c   0x00000000   Code   RO         6744    .ARM.Collect$$_printf_percent$$00000000  c_w.l(_printf_percent.o)
    0x0800023c   0x0800023c   0x00000006   Code   RO         6743    .ARM.Collect$$_printf_percent$$00000009  c_w.l(_printf_d.o)
    0x08000242   0x08000242   0x00000006   Code   RO         6742    .ARM.Collect$$_printf_percent$$00000014  c_w.l(_printf_s.o)
    0x08000248   0x08000248   0x00000004   Code   RO         6807    .ARM.Collect$$_printf_percent$$00000017  c_w.l(_printf_percent_end.o)
    0x0800024c   0x0800024c   0x00000002   Code   RO         6939    .ARM.Collect$$libinit$$00000000  c_w.l(libinit.o)
    0x0800024e   0x0800024e   0x00000004   Code   RO         6814    .ARM.Collect$$libinit$$00000001  c_w.l(libinit2.o)
    0x08000252   0x08000252   0x00000000   Code   RO         6817    .ARM.Collect$$libinit$$00000004  c_w.l(libinit2.o)
    0x08000252   0x08000252   0x00000008   Code   RO         6818    .ARM.Collect$$libinit$$00000005  c_w.l(libinit2.o)
    0x0800025a   0x0800025a   0x00000000   Code   RO         6820    .ARM.Collect$$libinit$$0000000A  c_w.l(libinit2.o)
    0x0800025a   0x0800025a   0x00000000   Code   RO         6822    .ARM.Collect$$libinit$$0000000C  c_w.l(libinit2.o)
    0x0800025a   0x0800025a   0x00000000   Code   RO         6824    .ARM.Collect$$libinit$$0000000E  c_w.l(libinit2.o)
    0x0800025a   0x0800025a   0x00000000   Code   RO         6827    .ARM.Collect$$libinit$$00000011  c_w.l(libinit2.o)
    0x0800025a   0x0800025a   0x00000000   Code   RO         6829    .ARM.Collect$$libinit$$00000013  c_w.l(libinit2.o)
    0x0800025a   0x0800025a   0x00000000   Code   RO         6831    .ARM.Collect$$libinit$$00000015  c_w.l(libinit2.o)
    0x0800025a   0x0800025a   0x00000000   Code   RO         6833    .ARM.Collect$$libinit$$00000017  c_w.l(libinit2.o)
    0x0800025a   0x0800025a   0x00000000   Code   RO         6835    .ARM.Collect$$libinit$$00000019  c_w.l(libinit2.o)
    0x0800025a   0x0800025a   0x00000000   Code   RO         6837    .ARM.Collect$$libinit$$0000001B  c_w.l(libinit2.o)
    0x0800025a   0x0800025a   0x00000000   Code   RO         6839    .ARM.Collect$$libinit$$0000001D  c_w.l(libinit2.o)
    0x0800025a   0x0800025a   0x00000000   Code   RO         6841    .ARM.Collect$$libinit$$0000001F  c_w.l(libinit2.o)
    0x0800025a   0x0800025a   0x00000000   Code   RO         6843    .ARM.Collect$$libinit$$00000021  c_w.l(libinit2.o)
    0x0800025a   0x0800025a   0x00000000   Code   RO         6845    .ARM.Collect$$libinit$$00000023  c_w.l(libinit2.o)
    0x0800025a   0x0800025a   0x00000000   Code   RO         6847    .ARM.Collect$$libinit$$00000025  c_w.l(libinit2.o)
    0x0800025a   0x0800025a   0x00000000   Code   RO         6851    .ARM.Collect$$libinit$$0000002C  c_w.l(libinit2.o)
    0x0800025a   0x0800025a   0x00000000   Code   RO         6853    .ARM.Collect$$libinit$$0000002E  c_w.l(libinit2.o)
    0x0800025a   0x0800025a   0x00000000   Code   RO         6855    .ARM.Collect$$libinit$$00000030  c_w.l(libinit2.o)
    0x0800025a   0x0800025a   0x00000000   Code   RO         6857    .ARM.Collect$$libinit$$00000032  c_w.l(libinit2.o)
    0x0800025a   0x0800025a   0x00000002   Code   RO         6858    .ARM.Collect$$libinit$$00000033  c_w.l(libinit2.o)
    0x0800025c   0x0800025c   0x00000002   Code   RO         6997    .ARM.Collect$$libshutdown$$00000000  c_w.l(libshutdown.o)
    0x0800025e   0x0800025e   0x00000000   Code   RO         6953    .ARM.Collect$$libshutdown$$00000002  c_w.l(libshutdown2.o)
    0x0800025e   0x0800025e   0x00000000   Code   RO         6955    .ARM.Collect$$libshutdown$$00000004  c_w.l(libshutdown2.o)
    0x0800025e   0x0800025e   0x00000000   Code   RO         6958    .ARM.Collect$$libshutdown$$00000007  c_w.l(libshutdown2.o)
    0x0800025e   0x0800025e   0x00000000   Code   RO         6961    .ARM.Collect$$libshutdown$$0000000A  c_w.l(libshutdown2.o)
    0x0800025e   0x0800025e   0x00000000   Code   RO         6963    .ARM.Collect$$libshutdown$$0000000C  c_w.l(libshutdown2.o)
    0x0800025e   0x0800025e   0x00000000   Code   RO         6966    .ARM.Collect$$libshutdown$$0000000F  c_w.l(libshutdown2.o)
    0x0800025e   0x0800025e   0x00000002   Code   RO         6967    .ARM.Collect$$libshutdown$$00000010  c_w.l(libshutdown2.o)
    0x08000260   0x08000260   0x00000000   Code   RO         6773    .ARM.Collect$$rtentry$$00000000  c_w.l(__rtentry.o)
    0x08000260   0x08000260   0x00000000   Code   RO         6876    .ARM.Collect$$rtentry$$00000002  c_w.l(__rtentry2.o)
    0x08000260   0x08000260   0x00000006   Code   RO         6888    .ARM.Collect$$rtentry$$00000004  c_w.l(__rtentry4.o)
    0x08000266   0x08000266   0x00000000   Code   RO         6878    .ARM.Collect$$rtentry$$00000009  c_w.l(__rtentry2.o)
    0x08000266   0x08000266   0x00000004   Code   RO         6879    .ARM.Collect$$rtentry$$0000000A  c_w.l(__rtentry2.o)
    0x0800026a   0x0800026a   0x00000000   Code   RO         6881    .ARM.Collect$$rtentry$$0000000C  c_w.l(__rtentry2.o)
    0x0800026a   0x0800026a   0x00000008   Code   RO         6882    .ARM.Collect$$rtentry$$0000000D  c_w.l(__rtentry2.o)
    0x08000272   0x08000272   0x00000002   Code   RO         6942    .ARM.Collect$$rtexit$$00000000  c_w.l(rtexit.o)
    0x08000274   0x08000274   0x00000000   Code   RO         6971    .ARM.Collect$$rtexit$$00000002  c_w.l(rtexit2.o)
    0x08000274   0x08000274   0x00000004   Code   RO         6972    .ARM.Collect$$rtexit$$00000003  c_w.l(rtexit2.o)
    0x08000278   0x08000278   0x00000006   Code   RO         6973    .ARM.Collect$$rtexit$$00000004  c_w.l(rtexit2.o)
    0x0800027e   0x0800027e   0x00000002   PAD
    0x08000280   0x08000280   0x000000be   Code   RO         1883    .emb_text           port.o
    0x0800033e   0x0800033e   0x00000002   PAD
    0x08000340   0x08000340   0x00000000   Code   RO         6892    .emb_text           c_w.l(maybetermalloc1.o)
    0x08000340   0x08000340   0x00000040   Code   RO            4    .text               startup_stm32f4xx.o
    0x08000380   0x08000380   0x0000005e   Code   RO         6652    .text               c_w.l(h1_alloc.o)
    0x080003de   0x080003de   0x0000004e   Code   RO         6654    .text               c_w.l(h1_free.o)
    0x0800042c   0x0800042c   0x00000028   Code   RO         6712    .text               c_w.l(noretval__2sprintf.o)
    0x08000454   0x08000454   0x0000004e   Code   RO         6716    .text               c_w.l(_printf_pad.o)
    0x080004a2   0x080004a2   0x00000052   Code   RO         6718    .text               c_w.l(_printf_str.o)
    0x080004f4   0x080004f4   0x00000078   Code   RO         6720    .text               c_w.l(_printf_dec.o)
    0x0800056c   0x0800056c   0x00000138   Code   RO         6734    .text               c_w.l(__printf_flags_wp.o)
    0x080006a4   0x080006a4   0x0000008a   Code   RO         6745    .text               c_w.l(rt_memcpy_v6.o)
    0x0800072e   0x0800072e   0x00000010   Code   RO         6747    .text               c_w.l(aeabi_memset.o)
    0x0800073e   0x0800073e   0x00000006   Code   RO         6749    .text               c_w.l(heapauxi.o)
    0x08000744   0x08000744   0x00000008   Code   RO         6777    .text               c_w.l(rt_heap_descriptor_intlibspace.o)
    0x0800074c   0x0800074c   0x00000004   Code   RO         6779    .text               c_w.l(hguard.o)
    0x08000750   0x08000750   0x0000008a   Code   RO         6781    .text               c_w.l(init_alloc.o)
    0x080007da   0x080007da   0x0000000e   Code   RO         6785    .text               c_w.l(h1_init.o)
    0x080007e8   0x080007e8   0x000000b2   Code   RO         6799    .text               c_w.l(_printf_intcommon.o)
    0x0800089a   0x0800089a   0x00000002   PAD
    0x0800089c   0x0800089c   0x00000030   Code   RO         6801    .text               c_w.l(_printf_char_common.o)
    0x080008cc   0x080008cc   0x0000000a   Code   RO         6803    .text               c_w.l(_sputc.o)
    0x080008d6   0x080008d6   0x0000002c   Code   RO         6805    .text               c_w.l(_printf_char.o)
    0x08000902   0x08000902   0x00000064   Code   RO         6808    .text               c_w.l(rt_memcpy_w.o)
    0x08000966   0x08000966   0x00000044   Code   RO         6810    .text               c_w.l(rt_memclr.o)
    0x080009aa   0x080009aa   0x00000002   PAD
    0x080009ac   0x080009ac   0x00000008   Code   RO         6872    .text               c_w.l(libspace.o)
    0x080009b4   0x080009b4   0x00000034   Code   RO         6894    .text               c_w.l(h1_extend.o)
    0x080009e8   0x080009e8   0x0000000e   Code   RO         6900    .text               c_w.l(defsig_rtmem_outer.o)
    0x080009f6   0x080009f6   0x0000004e   Code   RO         6904    .text               c_w.l(rt_memclr_w.o)
    0x08000a44   0x08000a44   0x00000002   Code   RO         6915    .text               c_w.l(use_no_semi.o)
    0x08000a46   0x08000a46   0x00000000   Code   RO         6917    .text               c_w.l(indicate_semi.o)
    0x08000a46   0x08000a46   0x0000004a   Code   RO         6918    .text               c_w.l(sys_stackheap_outer.o)
    0x08000a90   0x08000a90   0x00000012   Code   RO         6924    .text               c_w.l(exit.o)
    0x08000aa2   0x08000aa2   0x0000000a   Code   RO         6926    .text               c_w.l(defsig_exit.o)
    0x08000aac   0x08000aac   0x00000050   Code   RO         6928    .text               c_w.l(defsig_rtmem_inner.o)
    0x08000afc   0x08000afc   0x0000000c   Code   RO         6940    .text               c_w.l(sys_exit.o)
    0x08000b08   0x08000b08   0x00000032   Code   RO         6950    .text               c_w.l(defsig_general.o)
    0x08000b3a   0x08000b3a   0x0000000e   Code   RO         6968    .text               c_w.l(sys_wrch.o)
    0x08000b48   0x08000b48   0x00000004   Code   RO          217    i.BusFault_Handler  stm32f4xx_it.o
    0x08000b4c   0x08000b4c   0x00000002   Code   RO          218    i.DebugMon_Handler  stm32f4xx_it.o
    0x08000b4e   0x08000b4e   0x0000001a   Code   RO          623    i.DelayMS           lcd.o
    0x08000b68   0x08000b68   0x000000d4   Code   RO          505    i.EXTI0_IRQHandler  button.o
    0x08000c3c   0x08000c3c   0x0000000c   Code   RO         3215    i.EXTI_ClearITPendingBit  stm32f4xx_exti.o
    0x08000c48   0x08000c48   0x00000018   Code   RO         3219    i.EXTI_GetITStatus  stm32f4xx_exti.o
    0x08000c60   0x08000c60   0x00000094   Code   RO         3220    i.EXTI_Init         stm32f4xx_exti.o
    0x08000cf4   0x08000cf4   0x00000022   Code   RO          506    i.EnableButtonEXTI  button.o
    0x08000d16   0x08000d16   0x00000020   Code   RO          507    i.EnableTimerInterrupt  button.o
    0x08000d36   0x08000d36   0x00000090   Code   RO         3659    i.GPIO_Init         stm32f4xx_gpio.o
    0x08000dc6   0x08000dc6   0x00000046   Code   RO         3660    i.GPIO_PinAFConfig  stm32f4xx_gpio.o
    0x08000e0c   0x08000e0c   0x00000012   Code   RO         3663    i.GPIO_ReadInputDataBit  stm32f4xx_gpio.o
    0x08000e1e   0x08000e1e   0x00000004   Code   RO         3666    i.GPIO_ResetBits    stm32f4xx_gpio.o
    0x08000e22   0x08000e22   0x00000004   Code   RO         3667    i.GPIO_SetBits      stm32f4xx_gpio.o
    0x08000e26   0x08000e26   0x00000012   Code   RO         3668    i.GPIO_StructInit   stm32f4xx_gpio.o
    0x08000e38   0x08000e38   0x00000008   Code   RO         3669    i.GPIO_ToggleBits   stm32f4xx_gpio.o
    0x08000e40   0x08000e40   0x00000004   Code   RO          219    i.HardFault_Handler  stm32f4xx_it.o
    0x08000e44   0x08000e44   0x00000018   Code   RO         3931    i.I2C_AcknowledgeConfig  stm32f4xx_i2c.o
    0x08000e5c   0x08000e5c   0x0000002a   Code   RO         3934    i.I2C_CheckEvent    stm32f4xx_i2c.o
    0x08000e86   0x08000e86   0x00000018   Code   RO         3937    i.I2C_Cmd           stm32f4xx_i2c.o
    0x08000e9e   0x08000e9e   0x00000002   PAD
    0x08000ea0   0x08000ea0   0x00000060   Code   RO         3940    i.I2C_DeInit        stm32f4xx_i2c.o
    0x08000f00   0x08000f00   0x00000018   Code   RO         3945    i.I2C_GenerateSTART  stm32f4xx_i2c.o
    0x08000f18   0x08000f18   0x00000018   Code   RO         3946    i.I2C_GenerateSTOP  stm32f4xx_i2c.o
    0x08000f30   0x08000f30   0x0000003a   Code   RO         3947    i.I2C_GetFlagStatus  stm32f4xx_i2c.o
    0x08000f6a   0x08000f6a   0x00000002   PAD
    0x08000f6c   0x08000f6c   0x000000e8   Code   RO         3952    i.I2C_Init          stm32f4xx_i2c.o
    0x08001054   0x08001054   0x00000008   Code   RO         3957    i.I2C_ReceiveData   stm32f4xx_i2c.o
    0x0800105c   0x0800105c   0x00000010   Code   RO         3959    i.I2C_Send7bitAddress  stm32f4xx_i2c.o
    0x0800106c   0x0800106c   0x00000004   Code   RO         3960    i.I2C_SendData      stm32f4xx_i2c.o
    0x08001070   0x08001070   0x00000018   Code   RO         5616    i.I2S_Cmd           stm32f4xx_spi.o
    0x08001088   0x08001088   0x00000168   Code   RO         5618    i.I2S_Init          stm32f4xx_spi.o
    0x080011f0   0x080011f0   0x00000060   Code   RO          508    i.InitButton        button.o
    0x08001250   0x08001250   0x00000048   Code   RO          509    i.InitButtonTimer   button.o
    0x08001298   0x08001298   0x00000034   Code   RO          270    i.InitLEDs          coffee_machine_fsm.o
    0x080012cc   0x080012cc   0x0000003c   Code   RO          842    i.InitPWMTimer4     servo.o
    0x08001308   0x08001308   0x00000040   Code   RO          843    i.InitServos        servo.o
    0x08001348   0x08001348   0x0000001a   Code   RO          624    i.LCD_CLEAR         lcd.o
    0x08001362   0x08001362   0x00000002   PAD
    0x08001364   0x08001364   0x00000040   Code   RO          625    i.LCD_DATA          lcd.o
    0x080013a4   0x080013a4   0x00000098   Code   RO          628    i.LCD_Init          lcd.o
    0x0800143c   0x0800143c   0x0000002a   Code   RO          629    i.LCD_LINE          lcd.o
    0x08001466   0x08001466   0x00000002   PAD
    0x08001468   0x08001468   0x0000006c   Code   RO          630    i.LCD_NYB           lcd.o
    0x080014d4   0x080014d4   0x00000036   Code   RO          632    i.LCD_STR           lcd.o
    0x0800150a   0x0800150a   0x0000002c   Code   RO          633    i.LCD_print         lcd.o
    0x08001536   0x08001536   0x00000002   PAD
    0x08001538   0x08001538   0x00000044   Code   RO          271    i.LCD_program_print  coffee_machine_fsm.o
    0x0800157c   0x0800157c   0x00000004   Code   RO          220    i.MemManage_Handler  stm32f4xx_it.o
    0x08001580   0x08001580   0x00000002   Code   RO          221    i.NMI_Handler       stm32f4xx_it.o
    0x08001582   0x08001582   0x00000002   PAD
    0x08001584   0x08001584   0x00000078   Code   RO         1968    i.NVIC_Init         misc.o
    0x080015fc   0x080015fc   0x00000014   Code   RO         1969    i.NVIC_PriorityGroupConfig  misc.o
    0x08001610   0x08001610   0x00000020   Code   RO         4511    i.RCC_AHB1PeriphClockCmd  stm32f4xx_rcc.o
    0x08001630   0x08001630   0x00000020   Code   RO         4520    i.RCC_APB1PeriphClockCmd  stm32f4xx_rcc.o
    0x08001650   0x08001650   0x00000020   Code   RO         4522    i.RCC_APB1PeriphResetCmd  stm32f4xx_rcc.o
    0x08001670   0x08001670   0x00000020   Code   RO         4523    i.RCC_APB2PeriphClockCmd  stm32f4xx_rcc.o
    0x08001690   0x08001690   0x00000020   Code   RO         4525    i.RCC_APB2PeriphResetCmd  stm32f4xx_rcc.o
    0x080016b0   0x080016b0   0x000000e8   Code   RO         4532    i.RCC_GetClocksFreq  stm32f4xx_rcc.o
    0x08001798   0x08001798   0x0000000c   Code   RO         4550    i.RCC_PLLI2SCmd     stm32f4xx_rcc.o
    0x080017a4   0x080017a4   0x000000b0   Code   RO         5629    i.SPI_I2S_DeInit    stm32f4xx_spi.o
    0x08001854   0x08001854   0x00000012   Code   RO         5630    i.SPI_I2S_GetFlagStatus  stm32f4xx_spi.o
    0x08001866   0x08001866   0x00000004   Code   RO         5634    i.SPI_I2S_SendData  stm32f4xx_spi.o
    0x0800186a   0x0800186a   0x00000002   PAD
    0x0800186c   0x0800186c   0x00000040   Code   RO         5783    i.SYSCFG_EXTILineConfig  stm32f4xx_syscfg.o
    0x080018ac   0x080018ac   0x000000ec   Code   RO           12    i.SetSysClock       system_stm32f4xx.o
    0x08001998   0x08001998   0x00000038   Code   RO          844    i.SetupPWM          servo.o
    0x080019d0   0x080019d0   0x00000034   Code   RO         1884    i.SysTick_Handler   port.o
    0x08001a04   0x08001a04   0x00000068   Code   RO           14    i.SystemInit        system_stm32f4xx.o
    0x08001a6c   0x08001a6c   0x0000007c   Code   RO          510    i.TIM5_IRQHandler   button.o
    0x08001ae8   0x08001ae8   0x00000018   Code   RO         5840    i.TIM_ARRPreloadConfig  stm32f4xx_tim.o
    0x08001b00   0x08001b00   0x00000006   Code   RO         5847    i.TIM_ClearITPendingBit  stm32f4xx_tim.o
    0x08001b06   0x08001b06   0x00000018   Code   RO         5852    i.TIM_Cmd           stm32f4xx_tim.o
    0x08001b1e   0x08001b1e   0x00000012   Code   RO         5877    i.TIM_ITConfig      stm32f4xx_tim.o
    0x08001b30   0x08001b30   0x000000a0   Code   RO         5891    i.TIM_OC3Init       stm32f4xx_tim.o
    0x08001bd0   0x08001bd0   0x00000012   Code   RO         5894    i.TIM_OC3PreloadConfig  stm32f4xx_tim.o
    0x08001be2   0x08001be2   0x00000002   PAD
    0x08001be4   0x08001be4   0x00000084   Code   RO         5924    i.TIM_TimeBaseInit  stm32f4xx_tim.o
    0x08001c68   0x08001c68   0x00000004   Code   RO          222    i.UsageFault_Handler  stm32f4xx_it.o
    0x08001c6c   0x08001c6c   0x0000000a   Code   RO          634    i.WaitLCDBusy       lcd.o
    0x08001c76   0x08001c76   0x0000000e   Code   RO         6732    i._is_digit         c_w.l(__printf_wp.o)
    0x08001c84   0x08001c84   0x00000034   Code   RO          272    i.activeAction      coffee_machine_fsm.o
    0x08001cb8   0x08001cb8   0x0000000c   Code   RO          762    i.addChocolateMilk  coffee_task.o
    0x08001cc4   0x08001cc4   0x0000000c   Code   RO          763    i.addEspresso       coffee_task.o
    0x08001cd0   0x08001cd0   0x0000000c   Code   RO          764    i.addFreshMilk      coffee_task.o
    0x08001cdc   0x08001cdc   0x000000dc   Code   RO          273    i.brewAction        coffee_machine_fsm.o
    0x08001db8   0x08001db8   0x00000160   Code   RO          582    i.codec_ctrl_init   codec.o
    0x08001f18   0x08001f18   0x00000154   Code   RO          583    i.codec_init        codec.o
    0x0800206c   0x0800206c   0x0000002c   Code   RO          712    i.coffeMachineMaster  main.o
    0x08002098   0x08002098   0x00000128   Code   RO          765    i.coffeeHandler     coffee_task.o
    0x080021c0   0x080021c0   0x00000070   Code   RO          766    i.generateNewCoffee  coffee_task.o
    0x08002230   0x08002230   0x00000068   Code   RO          274    i.initFilter        coffee_machine_fsm.o
    0x08002298   0x08002298   0x000000d8   Code   RO          713    i.main              main.o
    0x08002370   0x08002370   0x0000001c   Code   RO          767    i.makeCoffeeTask    coffee_task.o
    0x0800238c   0x0800238c   0x0000000c   Code   RO          275    i.nextAction        coffee_machine_fsm.o
    0x08002398   0x08002398   0x00000004   Code   RO          277    i.noActiveAction    coffee_machine_fsm.o
    0x0800239c   0x0800239c   0x000000e8   Code   RO          278    i.noProgrammingAction  coffee_machine_fsm.o
    0x08002484   0x08002484   0x000000f8   Code   RO          279    i.playConfirmAction  coffee_machine_fsm.o
    0x0800257c   0x0800257c   0x00000004   Code   RO          280    i.postBrewAction    coffee_machine_fsm.o
    0x08002580   0x08002580   0x0000010c   Code   RO          281    i.preBrewAction     coffee_machine_fsm.o
    0x0800268c   0x0800268c   0x00000078   Code   RO          282    i.preSelectTimingAction  coffee_machine_fsm.o
    0x08002704   0x08002704   0x00000050   Code   RO          768    i.printRemainTaskInfo  coffee_task.o
    0x08002754   0x08002754   0x00000044   Code   RO          283    i.processAction     coffee_machine_fsm.o
    0x08002798   0x08002798   0x00000194   Code   RO          284    i.processSound      coffee_machine_fsm.o
    0x0800292c   0x0800292c   0x00000098   Code   RO         1300    i.prvAddCurrentTaskToDelayedList  tasks.o
    0x080029c4   0x080029c4   0x000000b8   Code   RO         1301    i.prvAddNewTaskToReadyList  tasks.o
    0x08002a7c   0x08002a7c   0x00000064   Code   RO         1672    i.prvCheckForValidListAndQueue  timers.o
    0x08002ae0   0x08002ae0   0x00000048   Code   RO         1302    i.prvCheckTasksWaitingTermination  tasks.o
    0x08002b28   0x08002b28   0x0000002a   Code   RO         1074    i.prvCopyDataFromQueue  queue.o
    0x08002b52   0x08002b52   0x0000007e   Code   RO         1075    i.prvCopyDataToQueue  queue.o
    0x08002bd0   0x08002bd0   0x00000012   Code   RO         1303    i.prvDeleteTCB      tasks.o
    0x08002be2   0x08002be2   0x00000014   Code   RO         1076    i.prvGetDisinheritPriorityAfterTimeout  queue.o
    0x08002bf6   0x08002bf6   0x00000002   PAD
    0x08002bf8   0x08002bf8   0x00000028   Code   RO         1673    i.prvGetNextExpireTime  timers.o
    0x08002c20   0x08002c20   0x00000038   Code   RO         1837    i.prvHeapInit       heap_2.o
    0x08002c58   0x08002c58   0x00000028   Code   RO         1304    i.prvIdleTask       tasks.o
    0x08002c80   0x08002c80   0x0000001e   Code   RO         1077    i.prvInitialiseMutex  queue.o
    0x08002c9e   0x08002c9e   0x0000002a   Code   RO         1078    i.prvInitialiseNewQueue  queue.o
    0x08002cc8   0x08002cc8   0x000000be   Code   RO         1305    i.prvInitialiseNewTask  tasks.o
    0x08002d86   0x08002d86   0x00000002   PAD
    0x08002d88   0x08002d88   0x00000068   Code   RO         1306    i.prvInitialiseTaskLists  tasks.o
    0x08002df0   0x08002df0   0x00000058   Code   RO         1675    i.prvInsertTimerInActiveList  timers.o
    0x08002e48   0x08002e48   0x0000001a   Code   RO         1079    i.prvIsQueueEmpty   queue.o
    0x08002e62   0x08002e62   0x0000001e   Code   RO         1080    i.prvIsQueueFull    queue.o
    0x08002e80   0x08002e80   0x00000074   Code   RO         1676    i.prvProcessExpiredTimer  timers.o
    0x08002ef4   0x08002ef4   0x00000138   Code   RO         1677    i.prvProcessReceivedCommands  timers.o
    0x0800302c   0x0800302c   0x00000074   Code   RO         1678    i.prvProcessTimerOrBlockTask  timers.o
    0x080030a0   0x080030a0   0x00000034   Code   RO         1308    i.prvResetNextTaskUnblockTime  tasks.o
    0x080030d4   0x080030d4   0x0000002c   Code   RO         1679    i.prvSampleTimeNow  timers.o
    0x08003100   0x08003100   0x000000a4   Code   RO         1680    i.prvSwitchTimerLists  timers.o
    0x080031a4   0x080031a4   0x00000040   Code   RO         1885    i.prvTaskExitError  port.o
    0x080031e4   0x080031e4   0x00000058   Code   RO         1310    i.prvTaskIsTaskSuspended  tasks.o
    0x0800323c   0x0800323c   0x0000001a   Code   RO         1681    i.prvTimerTask      timers.o
    0x08003256   0x08003256   0x0000007e   Code   RO         1081    i.prvUnlockQueue    queue.o
    0x080032d4   0x080032d4   0x000000b8   Code   RO         1838    i.pvPortMalloc      heap_2.o
    0x0800338c   0x0800338c   0x00000020   Code   RO         1311    i.pvTaskIncrementMutexHeldCount  tasks.o
    0x080033ac   0x080033ac   0x0000002c   Code   RO         1886    i.pxPortInitialiseStack  port.o
    0x080033d8   0x080033d8   0x000000e0   Code   RO          584    i.read_codec_register  codec.o
    0x080034b8   0x080034b8   0x00000070   Code   RO          285    i.resetAction       coffee_machine_fsm.o
    0x08003528   0x08003528   0x00000014   Code   RO          286    i.resetAction2      coffee_machine_fsm.o
    0x0800353c   0x0800353c   0x00000014   Code   RO          287    i.resetTypeAction   coffee_machine_fsm.o
    0x08003550   0x08003550   0x0000005c   Code   RO          288    i.selectTimingAction  coffee_machine_fsm.o
    0x080035ac   0x080035ac   0x00000050   Code   RO          289    i.selectTypeAction  coffee_machine_fsm.o
    0x080035fc   0x080035fc   0x00000090   Code   RO          585    i.send_codec_ctrl   codec.o
    0x0800368c   0x0800368c   0x0000009c   Code   RO          290    i.setLight          coffee_machine_fsm.o
    0x08003728   0x08003728   0x0000000c   Code   RO          845    i.setServo          servo.o
    0x08003734   0x08003734   0x00000068   Code   RO          846    i.setSysTick        servo.o
    0x0800379c   0x0800379c   0x00000054   Code   RO          291    i.startAction       coffee_machine_fsm.o
    0x080037f0   0x080037f0   0x0000005c   Code   RO          292    i.updateFilter      coffee_machine_fsm.o
    0x0800384c   0x0800384c   0x00000028   Code   RO         1026    i.uxListRemove      list.o
    0x08003874   0x08003874   0x0000001a   Code   RO         1027    i.vListInitialise   list.o
    0x0800388e   0x0800388e   0x00000006   Code   RO         1028    i.vListInitialiseItem  list.o
    0x08003894   0x08003894   0x00000034   Code   RO         1029    i.vListInsert       list.o
    0x080038c8   0x080038c8   0x00000018   Code   RO         1030    i.vListInsertEnd    list.o
    0x080038e0   0x080038e0   0x00000054   Code   RO         1888    i.vPortEnterCritical  port.o
    0x08003934   0x08003934   0x0000003c   Code   RO         1889    i.vPortExitCritical  port.o
    0x08003970   0x08003970   0x00000040   Code   RO         1839    i.vPortFree         heap_2.o
    0x080039b0   0x080039b0   0x00000028   Code   RO         1890    i.vPortSetupTimerInterrupt  port.o
    0x080039d8   0x080039d8   0x00000078   Code   RO         1891    i.vPortValidateInterruptPriority  port.o
    0x08003a50   0x08003a50   0x0000002c   Code   RO         1087    i.vQueueAddToRegistry  queue.o
    0x08003a7c   0x08003a7c   0x0000004a   Code   RO         1091    i.vQueueWaitForMessageRestricted  queue.o
    0x08003ac6   0x08003ac6   0x00000002   PAD
    0x08003ac8   0x08003ac8   0x0000005c   Code   RO         1320    i.vTaskDelay        tasks.o
    0x08003b24   0x08003b24   0x000000f4   Code   RO         1322    i.vTaskDelete       tasks.o
    0x08003c18   0x08003c18   0x00000018   Code   RO         1325    i.vTaskInternalSetTimeOutState  tasks.o
    0x08003c30   0x08003c30   0x0000000c   Code   RO         1326    i.vTaskMissedYield  tasks.o
    0x08003c3c   0x08003c3c   0x00000038   Code   RO         1328    i.vTaskPlaceOnEventList  tasks.o
    0x08003c74   0x08003c74   0x00000040   Code   RO         1329    i.vTaskPlaceOnEventListRestricted  tasks.o
    0x08003cb4   0x08003cb4   0x000000e4   Code   RO         1331    i.vTaskPriorityDisinheritAfterTimeout  tasks.o
    0x08003d98   0x08003d98   0x00000094   Code   RO         1337    i.vTaskStartScheduler  tasks.o
    0x08003e2c   0x08003e2c   0x000000f4   Code   RO         1338    i.vTaskSuspend      tasks.o
    0x08003f20   0x08003f20   0x00000010   Code   RO         1339    i.vTaskSuspendAll   tasks.o
    0x08003f30   0x08003f30   0x0000008c   Code   RO         1340    i.vTaskSwitchContext  tasks.o
    0x08003fbc   0x08003fbc   0x0000000c   Code   RO          293    i.wait              coffee_machine_fsm.o
    0x08003fc8   0x08003fc8   0x00000190   Code   RO         1892    i.xPortStartScheduler  port.o
    0x08004158   0x08004158   0x00000022   Code   RO         1093    i.xQueueCreateMutex  queue.o
    0x0800417a   0x0800417a   0x00000054   Code   RO         1094    i.xQueueGenericCreate  queue.o
    0x080041ce   0x080041ce   0x00000002   PAD
    0x080041d0   0x080041d0   0x00000098   Code   RO         1095    i.xQueueGenericReset  queue.o
    0x08004268   0x08004268   0x000001a8   Code   RO         1096    i.xQueueGenericSend  queue.o
    0x08004410   0x08004410   0x000000fc   Code   RO         1097    i.xQueueGenericSendFromISR  queue.o
    0x0800450c   0x0800450c   0x00000168   Code   RO         1104    i.xQueueReceive     queue.o
    0x08004674   0x08004674   0x000001b8   Code   RO         1106    i.xQueueSemaphoreTake  queue.o
    0x0800482c   0x0800482c   0x0000008c   Code   RO         1342    i.xTaskCheckForTimeOut  tasks.o
    0x080048b8   0x080048b8   0x00000060   Code   RO         1343    i.xTaskCreate       tasks.o
    0x08004918   0x08004918   0x00000020   Code   RO         1347    i.xTaskGetSchedulerState  tasks.o
    0x08004938   0x08004938   0x0000000c   Code   RO         1348    i.xTaskGetTickCount  tasks.o
    0x08004944   0x08004944   0x00000148   Code   RO         1350    i.xTaskIncrementTick  tasks.o
    0x08004a8c   0x08004a8c   0x000000c8   Code   RO         1353    i.xTaskPriorityDisinherit  tasks.o
    0x08004b54   0x08004b54   0x000000b8   Code   RO         1354    i.xTaskPriorityInherit  tasks.o
    0x08004c0c   0x08004c0c   0x00000098   Code   RO         1355    i.xTaskRemoveFromEventList  tasks.o
    0x08004ca4   0x08004ca4   0x00000104   Code   RO         1356    i.xTaskResumeAll    tasks.o
    0x08004da8   0x08004da8   0x000000b4   Code   RO         1357    i.xTaskResumeFromISR  tasks.o
    0x08004e5c   0x08004e5c   0x00000058   Code   RO         1689    i.xTimerCreateTimerTask  timers.o
    0x08004eb4   0x08004eb4   0x00000084   Code   RO         1690    i.xTimerGenericCommand  timers.o
    0x08004f38   0x08004f38   0x00000062   Code   RO         6753    x$fpl$d2f           fz_wm.l(d2f.o)
    0x08004f9a   0x08004f9a   0x00000002   PAD
    0x08004f9c   0x08004f9c   0x00000150   Code   RO         6755    x$fpl$dadd          fz_wm.l(daddsub_clz.o)
    0x080050ec   0x080050ec   0x00000018   Code   RO         6911    x$fpl$dcmpinf       fz_wm.l(dcmpi.o)
    0x08005104   0x08005104   0x0000005e   Code   RO         6761    x$fpl$dfix          fz_wm.l(dfix.o)
    0x08005162   0x08005162   0x00000002   PAD
    0x08005164   0x08005164   0x00000078   Code   RO         6859    x$fpl$dleqf         fz_wm.l(dleqf.o)
    0x080051dc   0x080051dc   0x00000154   Code   RO         6765    x$fpl$dmul          fz_wm.l(dmul.o)
    0x08005330   0x08005330   0x0000009c   Code   RO         6861    x$fpl$dnaninf       fz_wm.l(dnaninf.o)
    0x080053cc   0x080053cc   0x0000000c   Code   RO         6863    x$fpl$dretinf       fz_wm.l(dretinf.o)
    0x080053d8   0x080053d8   0x0000006c   Code   RO         6767    x$fpl$drleqf        fz_wm.l(drleqf.o)
    0x08005444   0x08005444   0x000001d4   Code   RO         6757    x$fpl$dsub          fz_wm.l(daddsub_clz.o)
    0x08005618   0x08005618   0x00000056   Code   RO         6769    x$fpl$f2d           fz_wm.l(f2d.o)
    0x0800566e   0x0800566e   0x0000008c   Code   RO         6865    x$fpl$fnaninf       fz_wm.l(fnaninf.o)
    0x080056fa   0x080056fa   0x0000000a   Code   RO         6913    x$fpl$fpinit        fz_wm.l(fpinit.o)
    0x08005704   0x08005704   0x0000000a   Code   RO         6867    x$fpl$fretinf       fz_wm.l(fretinf.o)
    0x0800570e   0x0800570e   0x00000000   Code   RO         6869    x$fpl$usenofp       fz_wm.l(usenofp.o)
    0x0800570e   0x0800570e   0x00000011   Data   RO         6735    .constdata          c_w.l(__printf_flags_wp.o)
    0x0800571f   0x0800571f   0x00000001   PAD
    0x08005720   0x08005720   0x0000006d   Data   RO          295    .conststring        coffee_machine_fsm.o
    0x0800578d   0x0800578d   0x00000003   PAD
    0x08005790   0x08005790   0x00000042   Data   RO          511    .conststring        button.o
    0x080057d2   0x080057d2   0x00000002   PAD
    0x080057d4   0x080057d4   0x00000030   Data   RO         6998    Region$$Table       anon$$obj.o


    Execution Region RW_IRAM2 (Exec base: 0x10000000, Load base: 0x08005804, Size: 0x00000a28, Max: 0x00010000, ABSOLUTE, COMPRESSED[0x00000110])

    Exec Addr    Load Addr    Size         Type   Attr      Idx    E Section Name        Object

    0x10000000   COMPRESSED   0x00000014   Data   RW           15    .data               system_stm32f4xx.o
    0x10000014   COMPRESSED   0x00000004   PAD
    0x10000018   COMPRESSED   0x00000135   Data   RW          296    .data               coffee_machine_fsm.o
    0x1000014d   COMPRESSED   0x00000003   PAD
    0x10000150   COMPRESSED   0x00000024   Data   RW          512    .data               button.o
    0x10000174   COMPRESSED   0x0000003c   Data   RW          770    .data               coffee_task.o
    0x100001b0   COMPRESSED   0x0000003c   Data   RW         1359    .data               tasks.o
    0x100001ec   COMPRESSED   0x00000014   Data   RW         1696    .data               timers.o
    0x10000200   COMPRESSED   0x00000018   Data   RW         1843    .data               heap_2.o
    0x10000218   COMPRESSED   0x0000000c   Data   RW         1893    .data               port.o
    0x10000224   COMPRESSED   0x00000010   Data   RW         4563    .data               stm32f4xx_rcc.o
    0x10000234        -       0x00000044   Zero   RW          294    .bss                coffee_machine_fsm.o
    0x10000278        -       0x00000020   Zero   RW          586    .bss                codec.o
    0x10000298        -       0x00000040   Zero   RW         1108    .bss                queue.o
    0x100002d8        -       0x000000c8   Zero   RW         1358    .bss                tasks.o
    0x100003a0        -       0x00000028   Zero   RW         1695    .bss                timers.o
    0x100003c8        -       0x00000060   Zero   RW         6873    .bss                c_w.l(libspace.o)
    0x10000428        -       0x00000200   Zero   RW            2    HEAP                startup_stm32f4xx.o
    0x10000628        -       0x00000400   Zero   RW            1    STACK               startup_stm32f4xx.o


    Execution Region RW_IRAM1 (Exec base: 0x20000000, Load base: 0x08005804, Size: 0x00012c00, Max: 0x00020000, ABSOLUTE)

    Exec Addr    Load Addr    Size         Type   Attr      Idx    E Section Name        Object

    0x20000000        -       0x00012c00   Zero   RW         1842    .bss                heap_2.o


==============================================================================

Image component sizes


      Code (inc. data)   RO Data    RW Data    ZI Data      Debug   Object Name

       570         64         66         36          0       5097   button.o
      1060         76          0          0         32       3427   codec.o
      2524        520        109        309         68      34590   coffee_machine_fsm.o
       552         50          0         60          0       6181   coffee_task.o
         0          0          0          0          0       9740   event_groups.o
       304         46          0         24      76800       3715   heap_2.o
       526         16          0          0          0       5165   lcd.o
       148          0          0          0          0       3306   list.o
       260         72          0          0          0       1188   main.o
       140         24          0          0          0       1783   misc.o
      1054         90          0         12          0      11869   port.o
      2306         26          0          0         64      19336   queue.o
       296         36          0          0          0      29355   servo.o
        64         26        392          0       1536        884   startup_stm32f4xx.o
       184         16          0          0          0       2408   stm32f4xx_exti.o
       266          0          0          0          0       5215   stm32f4xx_gpio.o
       552         28          0          0          0       8161   stm32f4xx_i2c.o
        20          0          0          0          0       2889   stm32f4xx_it.o
       404         54          0         16          0       6957   stm32f4xx_rcc.o
       582         34          0          0          0       4325   stm32f4xx_spi.o
        64          4          0          0          0        724   stm32f4xx_syscfg.o
       382         38          0          0          0       5496   stm32f4xx_tim.o
       340         32          0         20          0     296077   system_stm32f4xx.o
      3784        484          0         60        200      30161   tasks.o
      1226        116          0         20         40      20411   timers.o

    ----------------------------------------------------------------------
     17634       1852        620        564      78740     518460   Object Totals
         0          0         48          0          0          0   (incl. Generated)
        26          0          5          7          0          0   (incl. Padding)

    ----------------------------------------------------------------------

      Code (inc. data)   RO Data    RW Data    ZI Data      Debug   Library Member Name

        90          0          0          0          0          0   __dczerorl2.o
         8          0          0          0          0         68   __main.o
       312          4         17          0          0         92   __printf_flags_wp.o
        14          0          0          0          0         68   __printf_wp.o
         0          0          0          0          0          0   __rtentry.o
        12          0          0          0          0          0   __rtentry2.o
         6          0          0          0          0          0   __rtentry4.o
        52          8          0          0          0          0   __scatter.o
        28          0          0          0          0          0   __scatter_zi.o
        44          0          0          0          0        108   _printf_char.o
        48          6          0          0          0         96   _printf_char_common.o
         6          0          0          0          0          0   _printf_d.o
       120         16          0          0          0         92   _printf_dec.o
       178          0          0          0          0         88   _printf_intcommon.o
        78          0          0          0          0        108   _printf_pad.o
         0          0          0          0          0          0   _printf_percent.o
         4          0          0          0          0          0   _printf_percent_end.o
         6          0          0          0          0          0   _printf_s.o
        82          0          0          0          0         80   _printf_str.o
        10          0          0          0          0         68   _sputc.o
        16          0          0          0          0         68   aeabi_memset.o
        10          0          0          0          0         68   defsig_exit.o
        50          0          0          0          0         88   defsig_general.o
        80         58          0          0          0         76   defsig_rtmem_inner.o
        14          0          0          0          0         80   defsig_rtmem_outer.o
        18          0          0          0          0         80   exit.o
        94          0          0          0          0         80   h1_alloc.o
        52          0          0          0          0         68   h1_extend.o
        78          0          0          0          0         80   h1_free.o
        14          0          0          0          0         84   h1_init.o
         6          0          0          0          0        152   heapauxi.o
         4          0          0          0          0        136   hguard.o
         0          0          0          0          0          0   indicate_semi.o
       138          0          0          0          0        168   init_alloc.o
         2          0          0          0          0          0   libinit.o
        14          0          0          0          0          0   libinit2.o
         2          0          0          0          0          0   libshutdown.o
         2          0          0          0          0          0   libshutdown2.o
         8          4          0          0         96         68   libspace.o
         0          0          0          0          0          0   maybetermalloc1.o
        40          6          0          0          0         84   noretval__2sprintf.o
         8          4          0          0          0         68   rt_heap_descriptor_intlibspace.o
        68          0          0          0          0         68   rt_memclr.o
        78          0          0          0          0         80   rt_memclr_w.o
       138          0          0          0          0         68   rt_memcpy_v6.o
       100          0          0          0          0         80   rt_memcpy_w.o
         2          0          0          0          0          0   rtexit.o
        10          0          0          0          0          0   rtexit2.o
        12          4          0          0          0         68   sys_exit.o
        74          0          0          0          0         80   sys_stackheap_outer.o
        14          0          0          0          0         76   sys_wrch.o
         2          0          0          0          0         68   use_no_semi.o
        98          4          0          0          0        140   d2f.o
       804         16          0          0          0        368   daddsub_clz.o
        24          0          0          0          0        116   dcmpi.o
        94          4          0          0          0        140   dfix.o
       120          4          0          0          0        140   dleqf.o
       340         12          0          0          0        152   dmul.o
       156          4          0          0          0        140   dnaninf.o
        12          0          0          0          0        116   dretinf.o
       108          0          0          0          0        128   drleqf.o
        86          4          0          0          0        132   f2d.o
       140          4          0          0          0        132   fnaninf.o
        10          0          0          0          0        116   fpinit.o
        10          0          0          0          0        116   fretinf.o
         0          0          0          0          0          0   usenofp.o

    ----------------------------------------------------------------------
      4260        162         18          0         96       4840   Library Totals
        12          0          1          0          0          0   (incl. Padding)

    ----------------------------------------------------------------------

      Code (inc. data)   RO Data    RW Data    ZI Data      Debug   Library Name

      2246        110         17          0         96       2904   c_w.l
      2002         52          0          0          0       1936   fz_wm.l

    ----------------------------------------------------------------------
      4260        162         18          0         96       4840   Library Totals

    ----------------------------------------------------------------------

==============================================================================


      Code (inc. data)   RO Data    RW Data    ZI Data      Debug   

     21894       2014        638        564      78836     502888   Grand Totals
     21894       2014        638        272      78836     502888   ELF Image Totals (compressed)
     21894       2014        638        272          0          0   ROM Totals

==============================================================================

    Total RO  Size (Code + RO Data)                22532 (  22.00kB)
    Total RW  Size (RW Data + ZI Data)             79400 (  77.54kB)
    Total ROM Size (Code + RO Data + RW Data)      22804 (  22.27kB)

==============================================================================

